Archive member included to satisfy reference by file (symbol)

/Applications/Ac6/SystemWorkbench.app/Contents/Eclipse/plugins/fr.ac6.mcu.externaltools.arm-none.macos64_1.17.0.201812190825/tools/compiler/bin/../lib/gcc/arm-none-eabi/7.3.1/../../../../arm-none-eabi/lib/thumb/v7e-m/fpv4-sp/hard/libc.a(lib_a-exit.o)
                              /Applications/Ac6/SystemWorkbench.app/Contents/Eclipse/plugins/fr.ac6.mcu.externaltools.arm-none.macos64_1.17.0.201812190825/tools/compiler/bin/../lib/gcc/arm-none-eabi/7.3.1/../../../../arm-none-eabi/lib/thumb/v7e-m/fpv4-sp/hard/crt0.o (exit)
/Applications/Ac6/SystemWorkbench.app/Contents/Eclipse/plugins/fr.ac6.mcu.externaltools.arm-none.macos64_1.17.0.201812190825/tools/compiler/bin/../lib/gcc/arm-none-eabi/7.3.1/../../../../arm-none-eabi/lib/thumb/v7e-m/fpv4-sp/hard/libc.a(lib_a-impure.o)
                              /Applications/Ac6/SystemWorkbench.app/Contents/Eclipse/plugins/fr.ac6.mcu.externaltools.arm-none.macos64_1.17.0.201812190825/tools/compiler/bin/../lib/gcc/arm-none-eabi/7.3.1/../../../../arm-none-eabi/lib/thumb/v7e-m/fpv4-sp/hard/libc.a(lib_a-exit.o) (_global_impure_ptr)
/Applications/Ac6/SystemWorkbench.app/Contents/Eclipse/plugins/fr.ac6.mcu.externaltools.arm-none.macos64_1.17.0.201812190825/tools/compiler/bin/../lib/gcc/arm-none-eabi/7.3.1/../../../../arm-none-eabi/lib/thumb/v7e-m/fpv4-sp/hard/libc.a(lib_a-init.o)
                              /Applications/Ac6/SystemWorkbench.app/Contents/Eclipse/plugins/fr.ac6.mcu.externaltools.arm-none.macos64_1.17.0.201812190825/tools/compiler/bin/../lib/gcc/arm-none-eabi/7.3.1/../../../../arm-none-eabi/lib/thumb/v7e-m/fpv4-sp/hard/crt0.o (__libc_init_array)
/Applications/Ac6/SystemWorkbench.app/Contents/Eclipse/plugins/fr.ac6.mcu.externaltools.arm-none.macos64_1.17.0.201812190825/tools/compiler/bin/../lib/gcc/arm-none-eabi/7.3.1/../../../../arm-none-eabi/lib/thumb/v7e-m/fpv4-sp/hard/libc.a(lib_a-memset.o)
                              /Applications/Ac6/SystemWorkbench.app/Contents/Eclipse/plugins/fr.ac6.mcu.externaltools.arm-none.macos64_1.17.0.201812190825/tools/compiler/bin/../lib/gcc/arm-none-eabi/7.3.1/../../../../arm-none-eabi/lib/thumb/v7e-m/fpv4-sp/hard/crt0.o (memset)
/Applications/Ac6/SystemWorkbench.app/Contents/Eclipse/plugins/fr.ac6.mcu.externaltools.arm-none.macos64_1.17.0.201812190825/tools/compiler/bin/../lib/gcc/arm-none-eabi/7.3.1/../../../../arm-none-eabi/lib/thumb/v7e-m/fpv4-sp/hard/libc.a(lib_a-__call_atexit.o)
                              /Applications/Ac6/SystemWorkbench.app/Contents/Eclipse/plugins/fr.ac6.mcu.externaltools.arm-none.macos64_1.17.0.201812190825/tools/compiler/bin/../lib/gcc/arm-none-eabi/7.3.1/../../../../arm-none-eabi/lib/thumb/v7e-m/fpv4-sp/hard/libc.a(lib_a-exit.o) (__call_exitprocs)
/Applications/Ac6/SystemWorkbench.app/Contents/Eclipse/plugins/fr.ac6.mcu.externaltools.arm-none.macos64_1.17.0.201812190825/tools/compiler/bin/../lib/gcc/arm-none-eabi/7.3.1/../../../../arm-none-eabi/lib/thumb/v7e-m/fpv4-sp/hard/libc.a(lib_a-atexit.o)
                              /Applications/Ac6/SystemWorkbench.app/Contents/Eclipse/plugins/fr.ac6.mcu.externaltools.arm-none.macos64_1.17.0.201812190825/tools/compiler/bin/../lib/gcc/arm-none-eabi/7.3.1/../../../../arm-none-eabi/lib/thumb/v7e-m/fpv4-sp/hard/libc.a(lib_a-__call_atexit.o) (atexit)
/Applications/Ac6/SystemWorkbench.app/Contents/Eclipse/plugins/fr.ac6.mcu.externaltools.arm-none.macos64_1.17.0.201812190825/tools/compiler/bin/../lib/gcc/arm-none-eabi/7.3.1/../../../../arm-none-eabi/lib/thumb/v7e-m/fpv4-sp/hard/libc.a(lib_a-fini.o)
                              /Applications/Ac6/SystemWorkbench.app/Contents/Eclipse/plugins/fr.ac6.mcu.externaltools.arm-none.macos64_1.17.0.201812190825/tools/compiler/bin/../lib/gcc/arm-none-eabi/7.3.1/../../../../arm-none-eabi/lib/thumb/v7e-m/fpv4-sp/hard/libc.a(lib_a-__call_atexit.o) (__libc_fini_array)
/Applications/Ac6/SystemWorkbench.app/Contents/Eclipse/plugins/fr.ac6.mcu.externaltools.arm-none.macos64_1.17.0.201812190825/tools/compiler/bin/../lib/gcc/arm-none-eabi/7.3.1/../../../../arm-none-eabi/lib/thumb/v7e-m/fpv4-sp/hard/libc.a(lib_a-lock.o)
                              /Applications/Ac6/SystemWorkbench.app/Contents/Eclipse/plugins/fr.ac6.mcu.externaltools.arm-none.macos64_1.17.0.201812190825/tools/compiler/bin/../lib/gcc/arm-none-eabi/7.3.1/../../../../arm-none-eabi/lib/thumb/v7e-m/fpv4-sp/hard/libc.a(lib_a-__call_atexit.o) (__retarget_lock_acquire_recursive)
/Applications/Ac6/SystemWorkbench.app/Contents/Eclipse/plugins/fr.ac6.mcu.externaltools.arm-none.macos64_1.17.0.201812190825/tools/compiler/bin/../lib/gcc/arm-none-eabi/7.3.1/../../../../arm-none-eabi/lib/thumb/v7e-m/fpv4-sp/hard/libc.a(lib_a-__atexit.o)
                              /Applications/Ac6/SystemWorkbench.app/Contents/Eclipse/plugins/fr.ac6.mcu.externaltools.arm-none.macos64_1.17.0.201812190825/tools/compiler/bin/../lib/gcc/arm-none-eabi/7.3.1/../../../../arm-none-eabi/lib/thumb/v7e-m/fpv4-sp/hard/libc.a(lib_a-atexit.o) (__register_exitproc)

Allocating common symbols
Common symbol       size              file

__lock___atexit_recursive_mutex
                    0x1               /Applications/Ac6/SystemWorkbench.app/Contents/Eclipse/plugins/fr.ac6.mcu.externaltools.arm-none.macos64_1.17.0.201812190825/tools/compiler/bin/../lib/gcc/arm-none-eabi/7.3.1/../../../../arm-none-eabi/lib/thumb/v7e-m/fpv4-sp/hard/libc.a(lib_a-lock.o)
__lock___arc4random_mutex
                    0x1               /Applications/Ac6/SystemWorkbench.app/Contents/Eclipse/plugins/fr.ac6.mcu.externaltools.arm-none.macos64_1.17.0.201812190825/tools/compiler/bin/../lib/gcc/arm-none-eabi/7.3.1/../../../../arm-none-eabi/lib/thumb/v7e-m/fpv4-sp/hard/libc.a(lib_a-lock.o)
bit                 0x1               src/main.o
dcc_adress          0x1               src/main.o
__lock___env_recursive_mutex
                    0x1               /Applications/Ac6/SystemWorkbench.app/Contents/Eclipse/plugins/fr.ac6.mcu.externaltools.arm-none.macos64_1.17.0.201812190825/tools/compiler/bin/../lib/gcc/arm-none-eabi/7.3.1/../../../../arm-none-eabi/lib/thumb/v7e-m/fpv4-sp/hard/libc.a(lib_a-lock.o)
__lock___sinit_recursive_mutex
                    0x1               /Applications/Ac6/SystemWorkbench.app/Contents/Eclipse/plugins/fr.ac6.mcu.externaltools.arm-none.macos64_1.17.0.201812190825/tools/compiler/bin/../lib/gcc/arm-none-eabi/7.3.1/../../../../arm-none-eabi/lib/thumb/v7e-m/fpv4-sp/hard/libc.a(lib_a-lock.o)
__lock___malloc_recursive_mutex
                    0x1               /Applications/Ac6/SystemWorkbench.app/Contents/Eclipse/plugins/fr.ac6.mcu.externaltools.arm-none.macos64_1.17.0.201812190825/tools/compiler/bin/../lib/gcc/arm-none-eabi/7.3.1/../../../../arm-none-eabi/lib/thumb/v7e-m/fpv4-sp/hard/libc.a(lib_a-lock.o)
byte                0x1               src/main.o
paket               0x3               src/main.o
__lock___at_quick_exit_mutex
                    0x1               /Applications/Ac6/SystemWorkbench.app/Contents/Eclipse/plugins/fr.ac6.mcu.externaltools.arm-none.macos64_1.17.0.201812190825/tools/compiler/bin/../lib/gcc/arm-none-eabi/7.3.1/../../../../arm-none-eabi/lib/thumb/v7e-m/fpv4-sp/hard/libc.a(lib_a-lock.o)
newbit              0x1               src/main.o
__lock___dd_hash_mutex
                    0x1               /Applications/Ac6/SystemWorkbench.app/Contents/Eclipse/plugins/fr.ac6.mcu.externaltools.arm-none.macos64_1.17.0.201812190825/tools/compiler/bin/../lib/gcc/arm-none-eabi/7.3.1/../../../../arm-none-eabi/lib/thumb/v7e-m/fpv4-sp/hard/libc.a(lib_a-lock.o)
__lock___tz_mutex   0x1               /Applications/Ac6/SystemWorkbench.app/Contents/Eclipse/plugins/fr.ac6.mcu.externaltools.arm-none.macos64_1.17.0.201812190825/tools/compiler/bin/../lib/gcc/arm-none-eabi/7.3.1/../../../../arm-none-eabi/lib/thumb/v7e-m/fpv4-sp/hard/libc.a(lib_a-lock.o)
recstate            0x1               src/main.o
received            0x1               src/main.o
__lock___sfp_recursive_mutex
                    0x1               /Applications/Ac6/SystemWorkbench.app/Contents/Eclipse/plugins/fr.ac6.mcu.externaltools.arm-none.macos64_1.17.0.201812190825/tools/compiler/bin/../lib/gcc/arm-none-eabi/7.3.1/../../../../arm-none-eabi/lib/thumb/v7e-m/fpv4-sp/hard/libc.a(lib_a-lock.o)

Discarded input sections

 .text          0x0000000000000000        0x0 /Applications/Ac6/SystemWorkbench.app/Contents/Eclipse/plugins/fr.ac6.mcu.externaltools.arm-none.macos64_1.17.0.201812190825/tools/compiler/bin/../lib/gcc/arm-none-eabi/7.3.1/thumb/v7e-m/fpv4-sp/hard/crti.o
 .data          0x0000000000000000        0x0 /Applications/Ac6/SystemWorkbench.app/Contents/Eclipse/plugins/fr.ac6.mcu.externaltools.arm-none.macos64_1.17.0.201812190825/tools/compiler/bin/../lib/gcc/arm-none-eabi/7.3.1/thumb/v7e-m/fpv4-sp/hard/crti.o
 .bss           0x0000000000000000        0x0 /Applications/Ac6/SystemWorkbench.app/Contents/Eclipse/plugins/fr.ac6.mcu.externaltools.arm-none.macos64_1.17.0.201812190825/tools/compiler/bin/../lib/gcc/arm-none-eabi/7.3.1/thumb/v7e-m/fpv4-sp/hard/crti.o
 .data          0x0000000000000000        0x4 /Applications/Ac6/SystemWorkbench.app/Contents/Eclipse/plugins/fr.ac6.mcu.externaltools.arm-none.macos64_1.17.0.201812190825/tools/compiler/bin/../lib/gcc/arm-none-eabi/7.3.1/thumb/v7e-m/fpv4-sp/hard/crtbegin.o
 .text          0x0000000000000000       0x74 /Applications/Ac6/SystemWorkbench.app/Contents/Eclipse/plugins/fr.ac6.mcu.externaltools.arm-none.macos64_1.17.0.201812190825/tools/compiler/bin/../lib/gcc/arm-none-eabi/7.3.1/../../../../arm-none-eabi/lib/thumb/v7e-m/fpv4-sp/hard/crt0.o
 .data          0x0000000000000000        0x0 /Applications/Ac6/SystemWorkbench.app/Contents/Eclipse/plugins/fr.ac6.mcu.externaltools.arm-none.macos64_1.17.0.201812190825/tools/compiler/bin/../lib/gcc/arm-none-eabi/7.3.1/../../../../arm-none-eabi/lib/thumb/v7e-m/fpv4-sp/hard/crt0.o
 .bss           0x0000000000000000        0x0 /Applications/Ac6/SystemWorkbench.app/Contents/Eclipse/plugins/fr.ac6.mcu.externaltools.arm-none.macos64_1.17.0.201812190825/tools/compiler/bin/../lib/gcc/arm-none-eabi/7.3.1/../../../../arm-none-eabi/lib/thumb/v7e-m/fpv4-sp/hard/crt0.o
 .ARM.extab     0x0000000000000000        0x0 /Applications/Ac6/SystemWorkbench.app/Contents/Eclipse/plugins/fr.ac6.mcu.externaltools.arm-none.macos64_1.17.0.201812190825/tools/compiler/bin/../lib/gcc/arm-none-eabi/7.3.1/../../../../arm-none-eabi/lib/thumb/v7e-m/fpv4-sp/hard/crt0.o
 .ARM.exidx     0x0000000000000000        0x8 /Applications/Ac6/SystemWorkbench.app/Contents/Eclipse/plugins/fr.ac6.mcu.externaltools.arm-none.macos64_1.17.0.201812190825/tools/compiler/bin/../lib/gcc/arm-none-eabi/7.3.1/../../../../arm-none-eabi/lib/thumb/v7e-m/fpv4-sp/hard/crt0.o
 .ARM.attributes
                0x0000000000000000       0x20 /Applications/Ac6/SystemWorkbench.app/Contents/Eclipse/plugins/fr.ac6.mcu.externaltools.arm-none.macos64_1.17.0.201812190825/tools/compiler/bin/../lib/gcc/arm-none-eabi/7.3.1/../../../../arm-none-eabi/lib/thumb/v7e-m/fpv4-sp/hard/crt0.o
 .group         0x0000000000000000        0xc src/config.o
 .group         0x0000000000000000        0xc src/config.o
 .group         0x0000000000000000        0xc src/config.o
 .group         0x0000000000000000        0xc src/config.o
 .group         0x0000000000000000        0xc src/config.o
 .group         0x0000000000000000        0xc src/config.o
 .group         0x0000000000000000        0xc src/config.o
 .group         0x0000000000000000        0xc src/config.o
 .group         0x0000000000000000        0xc src/config.o
 .group         0x0000000000000000        0xc src/config.o
 .group         0x0000000000000000        0xc src/config.o
 .group         0x0000000000000000        0xc src/config.o
 .group         0x0000000000000000        0xc src/config.o
 .group         0x0000000000000000        0xc src/config.o
 .group         0x0000000000000000        0xc src/config.o
 .group         0x0000000000000000        0xc src/config.o
 .text          0x0000000000000000        0x0 src/config.o
 .data          0x0000000000000000        0x0 src/config.o
 .bss           0x0000000000000000        0x0 src/config.o
 .group         0x0000000000000000        0xc src/interrupts.o
 .group         0x0000000000000000        0xc src/interrupts.o
 .group         0x0000000000000000        0xc src/interrupts.o
 .group         0x0000000000000000        0xc src/interrupts.o
 .group         0x0000000000000000        0xc src/interrupts.o
 .group         0x0000000000000000        0xc src/interrupts.o
 .group         0x0000000000000000        0xc src/interrupts.o
 .group         0x0000000000000000        0xc src/interrupts.o
 .group         0x0000000000000000        0xc src/interrupts.o
 .group         0x0000000000000000        0xc src/interrupts.o
 .group         0x0000000000000000        0xc src/interrupts.o
 .group         0x0000000000000000        0xc src/interrupts.o
 .group         0x0000000000000000        0xc src/interrupts.o
 .group         0x0000000000000000        0xc src/interrupts.o
 .group         0x0000000000000000        0xc src/interrupts.o
 .text          0x0000000000000000        0x0 src/interrupts.o
 .data          0x0000000000000000        0x0 src/interrupts.o
 .bss           0x0000000000000000        0x0 src/interrupts.o
 .debug_macro   0x0000000000000000      0xa72 src/interrupts.o
 .debug_macro   0x0000000000000000       0x2b src/interrupts.o
 .debug_macro   0x0000000000000000       0x28 src/interrupts.o
 .debug_macro   0x0000000000000000       0x22 src/interrupts.o
 .debug_macro   0x0000000000000000       0x8e src/interrupts.o
 .debug_macro   0x0000000000000000       0x51 src/interrupts.o
 .debug_macro   0x0000000000000000       0xef src/interrupts.o
 .debug_macro   0x0000000000000000       0x6a src/interrupts.o
 .debug_macro   0x0000000000000000      0x1df src/interrupts.o
 .debug_macro   0x0000000000000000       0x35 src/interrupts.o
 .debug_macro   0x0000000000000000       0x50 src/interrupts.o
 .debug_macro   0x0000000000000000      0xe66 src/interrupts.o
 .debug_macro   0x0000000000000000    0x1534c src/interrupts.o
 .debug_macro   0x0000000000000000       0x43 src/interrupts.o
 .group         0x0000000000000000        0xc src/main.o
 .group         0x0000000000000000        0xc src/main.o
 .group         0x0000000000000000        0xc src/main.o
 .group         0x0000000000000000        0xc src/main.o
 .group         0x0000000000000000        0xc src/main.o
 .group         0x0000000000000000        0xc src/main.o
 .group         0x0000000000000000        0xc src/main.o
 .group         0x0000000000000000        0xc src/main.o
 .group         0x0000000000000000        0xc src/main.o
 .group         0x0000000000000000        0xc src/main.o
 .group         0x0000000000000000        0xc src/main.o
 .group         0x0000000000000000        0xc src/main.o
 .group         0x0000000000000000        0xc src/main.o
 .group         0x0000000000000000        0xc src/main.o
 .group         0x0000000000000000        0xc src/main.o
 .group         0x0000000000000000        0xc src/main.o
 .group         0x0000000000000000        0xc src/main.o
 .group         0x0000000000000000        0xc src/main.o
 .group         0x0000000000000000        0xc src/main.o
 .group         0x0000000000000000        0xc src/main.o
 .group         0x0000000000000000        0xc src/main.o
 .group         0x0000000000000000        0xc src/main.o
 .group         0x0000000000000000        0xc src/main.o
 .group         0x0000000000000000        0xc src/main.o
 .group         0x0000000000000000        0xc src/main.o
 .group         0x0000000000000000        0xc src/main.o
 .group         0x0000000000000000        0xc src/main.o
 .group         0x0000000000000000        0xc src/main.o
 .group         0x0000000000000000        0xc src/main.o
 .group         0x0000000000000000        0xc src/main.o
 .group         0x0000000000000000        0xc src/main.o
 .group         0x0000000000000000        0xc src/main.o
 .group         0x0000000000000000        0xc src/main.o
 .group         0x0000000000000000        0xc src/main.o
 .group         0x0000000000000000        0xc src/main.o
 .group         0x0000000000000000        0xc src/main.o
 .group         0x0000000000000000        0xc src/main.o
 .group         0x0000000000000000        0xc src/main.o
 .group         0x0000000000000000        0xc src/main.o
 .group         0x0000000000000000        0xc src/main.o
 .group         0x0000000000000000        0xc src/main.o
 .group         0x0000000000000000        0xc src/main.o
 .group         0x0000000000000000        0xc src/main.o
 .group         0x0000000000000000        0xc src/main.o
 .group         0x0000000000000000        0xc src/main.o
 .text          0x0000000000000000        0x0 src/main.o
 .debug_macro   0x0000000000000000      0xa72 src/main.o
 .debug_macro   0x0000000000000000       0x22 src/main.o
 .debug_macro   0x0000000000000000       0x6a src/main.o
 .debug_macro   0x0000000000000000       0x2b src/main.o
 .debug_macro   0x0000000000000000       0x28 src/main.o
 .debug_macro   0x0000000000000000       0xef src/main.o
 .debug_macro   0x0000000000000000      0x1df src/main.o
 .debug_macro   0x0000000000000000       0x35 src/main.o
 .debug_macro   0x0000000000000000       0x50 src/main.o
 .debug_macro   0x0000000000000000      0xe66 src/main.o
 .debug_macro   0x0000000000000000    0x1534c src/main.o
 .debug_macro   0x0000000000000000       0x43 src/main.o
 .debug_macro   0x0000000000000000       0x16 src/main.o
 .debug_macro   0x0000000000000000       0x4c src/main.o
 .group         0x0000000000000000        0xc src/set_course.o
 .group         0x0000000000000000        0xc src/set_course.o
 .group         0x0000000000000000        0xc src/set_course.o
 .group         0x0000000000000000        0xc src/set_course.o
 .group         0x0000000000000000        0xc src/set_course.o
 .group         0x0000000000000000        0xc src/set_course.o
 .group         0x0000000000000000        0xc src/set_course.o
 .group         0x0000000000000000        0xc src/set_course.o
 .group         0x0000000000000000        0xc src/set_course.o
 .group         0x0000000000000000        0xc src/set_course.o
 .group         0x0000000000000000        0xc src/set_course.o
 .group         0x0000000000000000        0xc src/set_course.o
 .group         0x0000000000000000        0xc src/set_course.o
 .group         0x0000000000000000        0xc src/set_course.o
 .group         0x0000000000000000        0xc src/set_course.o
 .text          0x0000000000000000        0x0 src/set_course.o
 .data          0x0000000000000000        0x0 src/set_course.o
 .bss           0x0000000000000000        0x0 src/set_course.o
 .debug_info    0x0000000000000000      0x10b src/set_course.o
 .debug_abbrev  0x0000000000000000       0x78 src/set_course.o
 .debug_aranges
                0x0000000000000000       0x18 src/set_course.o
 .debug_macro   0x0000000000000000       0xe3 src/set_course.o
 .debug_macro   0x0000000000000000      0xa72 src/set_course.o
 .debug_macro   0x0000000000000000       0x2b src/set_course.o
 .debug_macro   0x0000000000000000       0x28 src/set_course.o
 .debug_macro   0x0000000000000000       0x22 src/set_course.o
 .debug_macro   0x0000000000000000       0x8e src/set_course.o
 .debug_macro   0x0000000000000000       0x51 src/set_course.o
 .debug_macro   0x0000000000000000       0xef src/set_course.o
 .debug_macro   0x0000000000000000       0x6a src/set_course.o
 .debug_macro   0x0000000000000000      0x1df src/set_course.o
 .debug_macro   0x0000000000000000       0x35 src/set_course.o
 .debug_macro   0x0000000000000000       0x50 src/set_course.o
 .debug_macro   0x0000000000000000      0xe66 src/set_course.o
 .debug_macro   0x0000000000000000    0x1534c src/set_course.o
 .debug_macro   0x0000000000000000       0x43 src/set_course.o
 .debug_macro   0x0000000000000000       0x16 src/set_course.o
 .debug_line    0x0000000000000000      0x4f8 src/set_course.o
 .debug_str     0x0000000000000000    0x7fe3a src/set_course.o
 .comment       0x0000000000000000       0x80 src/set_course.o
 .ARM.attributes
                0x0000000000000000       0x39 src/set_course.o
 .group         0x0000000000000000        0xc src/system_stm32f3xx.o
 .group         0x0000000000000000        0xc src/system_stm32f3xx.o
 .group         0x0000000000000000        0xc src/system_stm32f3xx.o
 .group         0x0000000000000000        0xc src/system_stm32f3xx.o
 .group         0x0000000000000000        0xc src/system_stm32f3xx.o
 .group         0x0000000000000000        0xc src/system_stm32f3xx.o
 .group         0x0000000000000000        0xc src/system_stm32f3xx.o
 .group         0x0000000000000000        0xc src/system_stm32f3xx.o
 .group         0x0000000000000000        0xc src/system_stm32f3xx.o
 .group         0x0000000000000000        0xc src/system_stm32f3xx.o
 .group         0x0000000000000000        0xc src/system_stm32f3xx.o
 .group         0x0000000000000000        0xc src/system_stm32f3xx.o
 .group         0x0000000000000000        0xc src/system_stm32f3xx.o
 .group         0x0000000000000000        0xc src/system_stm32f3xx.o
 .text          0x0000000000000000        0x0 src/system_stm32f3xx.o
 .bss           0x0000000000000000        0x0 src/system_stm32f3xx.o
 .debug_macro   0x0000000000000000      0xa72 src/system_stm32f3xx.o
 .debug_macro   0x0000000000000000       0x2b src/system_stm32f3xx.o
 .debug_macro   0x0000000000000000       0x28 src/system_stm32f3xx.o
 .debug_macro   0x0000000000000000       0x22 src/system_stm32f3xx.o
 .debug_macro   0x0000000000000000       0x8e src/system_stm32f3xx.o
 .debug_macro   0x0000000000000000       0x51 src/system_stm32f3xx.o
 .debug_macro   0x0000000000000000       0xef src/system_stm32f3xx.o
 .debug_macro   0x0000000000000000       0x6a src/system_stm32f3xx.o
 .debug_macro   0x0000000000000000      0x1df src/system_stm32f3xx.o
 .debug_macro   0x0000000000000000       0x35 src/system_stm32f3xx.o
 .debug_macro   0x0000000000000000       0x50 src/system_stm32f3xx.o
 .debug_macro   0x0000000000000000      0xe66 src/system_stm32f3xx.o
 .debug_macro   0x0000000000000000    0x1534c src/system_stm32f3xx.o
 .debug_macro   0x0000000000000000       0x43 src/system_stm32f3xx.o
 .text          0x0000000000000000       0x14 startup/startup_stm32f303xe.o
 .data          0x0000000000000000        0x0 startup/startup_stm32f303xe.o
 .bss           0x0000000000000000        0x0 startup/startup_stm32f303xe.o
 .text          0x0000000000000000        0x0 /Applications/Ac6/SystemWorkbench.app/Contents/Eclipse/plugins/fr.ac6.mcu.externaltools.arm-none.macos64_1.17.0.201812190825/tools/compiler/bin/../lib/gcc/arm-none-eabi/7.3.1/../../../../arm-none-eabi/lib/thumb/v7e-m/fpv4-sp/hard/libc.a(lib_a-exit.o)
 .data          0x0000000000000000        0x0 /Applications/Ac6/SystemWorkbench.app/Contents/Eclipse/plugins/fr.ac6.mcu.externaltools.arm-none.macos64_1.17.0.201812190825/tools/compiler/bin/../lib/gcc/arm-none-eabi/7.3.1/../../../../arm-none-eabi/lib/thumb/v7e-m/fpv4-sp/hard/libc.a(lib_a-exit.o)
 .bss           0x0000000000000000        0x0 /Applications/Ac6/SystemWorkbench.app/Contents/Eclipse/plugins/fr.ac6.mcu.externaltools.arm-none.macos64_1.17.0.201812190825/tools/compiler/bin/../lib/gcc/arm-none-eabi/7.3.1/../../../../arm-none-eabi/lib/thumb/v7e-m/fpv4-sp/hard/libc.a(lib_a-exit.o)
 .text.exit     0x0000000000000000       0x20 /Applications/Ac6/SystemWorkbench.app/Contents/Eclipse/plugins/fr.ac6.mcu.externaltools.arm-none.macos64_1.17.0.201812190825/tools/compiler/bin/../lib/gcc/arm-none-eabi/7.3.1/../../../../arm-none-eabi/lib/thumb/v7e-m/fpv4-sp/hard/libc.a(lib_a-exit.o)
 .debug_frame   0x0000000000000000       0x28 /Applications/Ac6/SystemWorkbench.app/Contents/Eclipse/plugins/fr.ac6.mcu.externaltools.arm-none.macos64_1.17.0.201812190825/tools/compiler/bin/../lib/gcc/arm-none-eabi/7.3.1/../../../../arm-none-eabi/lib/thumb/v7e-m/fpv4-sp/hard/libc.a(lib_a-exit.o)
 .ARM.attributes
                0x0000000000000000       0x34 /Applications/Ac6/SystemWorkbench.app/Contents/Eclipse/plugins/fr.ac6.mcu.externaltools.arm-none.macos64_1.17.0.201812190825/tools/compiler/bin/../lib/gcc/arm-none-eabi/7.3.1/../../../../arm-none-eabi/lib/thumb/v7e-m/fpv4-sp/hard/libc.a(lib_a-exit.o)
 .text          0x0000000000000000        0x0 /Applications/Ac6/SystemWorkbench.app/Contents/Eclipse/plugins/fr.ac6.mcu.externaltools.arm-none.macos64_1.17.0.201812190825/tools/compiler/bin/../lib/gcc/arm-none-eabi/7.3.1/../../../../arm-none-eabi/lib/thumb/v7e-m/fpv4-sp/hard/libc.a(lib_a-impure.o)
 .data          0x0000000000000000        0x0 /Applications/Ac6/SystemWorkbench.app/Contents/Eclipse/plugins/fr.ac6.mcu.externaltools.arm-none.macos64_1.17.0.201812190825/tools/compiler/bin/../lib/gcc/arm-none-eabi/7.3.1/../../../../arm-none-eabi/lib/thumb/v7e-m/fpv4-sp/hard/libc.a(lib_a-impure.o)
 .bss           0x0000000000000000        0x0 /Applications/Ac6/SystemWorkbench.app/Contents/Eclipse/plugins/fr.ac6.mcu.externaltools.arm-none.macos64_1.17.0.201812190825/tools/compiler/bin/../lib/gcc/arm-none-eabi/7.3.1/../../../../arm-none-eabi/lib/thumb/v7e-m/fpv4-sp/hard/libc.a(lib_a-impure.o)
 .data._impure_ptr
                0x0000000000000000        0x4 /Applications/Ac6/SystemWorkbench.app/Contents/Eclipse/plugins/fr.ac6.mcu.externaltools.arm-none.macos64_1.17.0.201812190825/tools/compiler/bin/../lib/gcc/arm-none-eabi/7.3.1/../../../../arm-none-eabi/lib/thumb/v7e-m/fpv4-sp/hard/libc.a(lib_a-impure.o)
 .text          0x0000000000000000        0x0 /Applications/Ac6/SystemWorkbench.app/Contents/Eclipse/plugins/fr.ac6.mcu.externaltools.arm-none.macos64_1.17.0.201812190825/tools/compiler/bin/../lib/gcc/arm-none-eabi/7.3.1/../../../../arm-none-eabi/lib/thumb/v7e-m/fpv4-sp/hard/libc.a(lib_a-init.o)
 .data          0x0000000000000000        0x0 /Applications/Ac6/SystemWorkbench.app/Contents/Eclipse/plugins/fr.ac6.mcu.externaltools.arm-none.macos64_1.17.0.201812190825/tools/compiler/bin/../lib/gcc/arm-none-eabi/7.3.1/../../../../arm-none-eabi/lib/thumb/v7e-m/fpv4-sp/hard/libc.a(lib_a-init.o)
 .bss           0x0000000000000000        0x0 /Applications/Ac6/SystemWorkbench.app/Contents/Eclipse/plugins/fr.ac6.mcu.externaltools.arm-none.macos64_1.17.0.201812190825/tools/compiler/bin/../lib/gcc/arm-none-eabi/7.3.1/../../../../arm-none-eabi/lib/thumb/v7e-m/fpv4-sp/hard/libc.a(lib_a-init.o)
 .text          0x0000000000000000        0x0 /Applications/Ac6/SystemWorkbench.app/Contents/Eclipse/plugins/fr.ac6.mcu.externaltools.arm-none.macos64_1.17.0.201812190825/tools/compiler/bin/../lib/gcc/arm-none-eabi/7.3.1/../../../../arm-none-eabi/lib/thumb/v7e-m/fpv4-sp/hard/libc.a(lib_a-memset.o)
 .data          0x0000000000000000        0x0 /Applications/Ac6/SystemWorkbench.app/Contents/Eclipse/plugins/fr.ac6.mcu.externaltools.arm-none.macos64_1.17.0.201812190825/tools/compiler/bin/../lib/gcc/arm-none-eabi/7.3.1/../../../../arm-none-eabi/lib/thumb/v7e-m/fpv4-sp/hard/libc.a(lib_a-memset.o)
 .bss           0x0000000000000000        0x0 /Applications/Ac6/SystemWorkbench.app/Contents/Eclipse/plugins/fr.ac6.mcu.externaltools.arm-none.macos64_1.17.0.201812190825/tools/compiler/bin/../lib/gcc/arm-none-eabi/7.3.1/../../../../arm-none-eabi/lib/thumb/v7e-m/fpv4-sp/hard/libc.a(lib_a-memset.o)
 .text.memset   0x0000000000000000       0x94 /Applications/Ac6/SystemWorkbench.app/Contents/Eclipse/plugins/fr.ac6.mcu.externaltools.arm-none.macos64_1.17.0.201812190825/tools/compiler/bin/../lib/gcc/arm-none-eabi/7.3.1/../../../../arm-none-eabi/lib/thumb/v7e-m/fpv4-sp/hard/libc.a(lib_a-memset.o)
 .debug_frame   0x0000000000000000       0x38 /Applications/Ac6/SystemWorkbench.app/Contents/Eclipse/plugins/fr.ac6.mcu.externaltools.arm-none.macos64_1.17.0.201812190825/tools/compiler/bin/../lib/gcc/arm-none-eabi/7.3.1/../../../../arm-none-eabi/lib/thumb/v7e-m/fpv4-sp/hard/libc.a(lib_a-memset.o)
 .ARM.attributes
                0x0000000000000000       0x34 /Applications/Ac6/SystemWorkbench.app/Contents/Eclipse/plugins/fr.ac6.mcu.externaltools.arm-none.macos64_1.17.0.201812190825/tools/compiler/bin/../lib/gcc/arm-none-eabi/7.3.1/../../../../arm-none-eabi/lib/thumb/v7e-m/fpv4-sp/hard/libc.a(lib_a-memset.o)
 .text          0x0000000000000000        0x0 /Applications/Ac6/SystemWorkbench.app/Contents/Eclipse/plugins/fr.ac6.mcu.externaltools.arm-none.macos64_1.17.0.201812190825/tools/compiler/bin/../lib/gcc/arm-none-eabi/7.3.1/../../../../arm-none-eabi/lib/thumb/v7e-m/fpv4-sp/hard/libc.a(lib_a-__call_atexit.o)
 .data          0x0000000000000000        0x0 /Applications/Ac6/SystemWorkbench.app/Contents/Eclipse/plugins/fr.ac6.mcu.externaltools.arm-none.macos64_1.17.0.201812190825/tools/compiler/bin/../lib/gcc/arm-none-eabi/7.3.1/../../../../arm-none-eabi/lib/thumb/v7e-m/fpv4-sp/hard/libc.a(lib_a-__call_atexit.o)
 .bss           0x0000000000000000        0x0 /Applications/Ac6/SystemWorkbench.app/Contents/Eclipse/plugins/fr.ac6.mcu.externaltools.arm-none.macos64_1.17.0.201812190825/tools/compiler/bin/../lib/gcc/arm-none-eabi/7.3.1/../../../../arm-none-eabi/lib/thumb/v7e-m/fpv4-sp/hard/libc.a(lib_a-__call_atexit.o)
 .text.__call_exitprocs
                0x0000000000000000       0xe8 /Applications/Ac6/SystemWorkbench.app/Contents/Eclipse/plugins/fr.ac6.mcu.externaltools.arm-none.macos64_1.17.0.201812190825/tools/compiler/bin/../lib/gcc/arm-none-eabi/7.3.1/../../../../arm-none-eabi/lib/thumb/v7e-m/fpv4-sp/hard/libc.a(lib_a-__call_atexit.o)
 .text          0x0000000000000000        0x0 /Applications/Ac6/SystemWorkbench.app/Contents/Eclipse/plugins/fr.ac6.mcu.externaltools.arm-none.macos64_1.17.0.201812190825/tools/compiler/bin/../lib/gcc/arm-none-eabi/7.3.1/../../../../arm-none-eabi/lib/thumb/v7e-m/fpv4-sp/hard/libc.a(lib_a-atexit.o)
 .data          0x0000000000000000        0x0 /Applications/Ac6/SystemWorkbench.app/Contents/Eclipse/plugins/fr.ac6.mcu.externaltools.arm-none.macos64_1.17.0.201812190825/tools/compiler/bin/../lib/gcc/arm-none-eabi/7.3.1/../../../../arm-none-eabi/lib/thumb/v7e-m/fpv4-sp/hard/libc.a(lib_a-atexit.o)
 .bss           0x0000000000000000        0x0 /Applications/Ac6/SystemWorkbench.app/Contents/Eclipse/plugins/fr.ac6.mcu.externaltools.arm-none.macos64_1.17.0.201812190825/tools/compiler/bin/../lib/gcc/arm-none-eabi/7.3.1/../../../../arm-none-eabi/lib/thumb/v7e-m/fpv4-sp/hard/libc.a(lib_a-atexit.o)
 .text          0x0000000000000000        0x0 /Applications/Ac6/SystemWorkbench.app/Contents/Eclipse/plugins/fr.ac6.mcu.externaltools.arm-none.macos64_1.17.0.201812190825/tools/compiler/bin/../lib/gcc/arm-none-eabi/7.3.1/../../../../arm-none-eabi/lib/thumb/v7e-m/fpv4-sp/hard/libc.a(lib_a-fini.o)
 .data          0x0000000000000000        0x0 /Applications/Ac6/SystemWorkbench.app/Contents/Eclipse/plugins/fr.ac6.mcu.externaltools.arm-none.macos64_1.17.0.201812190825/tools/compiler/bin/../lib/gcc/arm-none-eabi/7.3.1/../../../../arm-none-eabi/lib/thumb/v7e-m/fpv4-sp/hard/libc.a(lib_a-fini.o)
 .bss           0x0000000000000000        0x0 /Applications/Ac6/SystemWorkbench.app/Contents/Eclipse/plugins/fr.ac6.mcu.externaltools.arm-none.macos64_1.17.0.201812190825/tools/compiler/bin/../lib/gcc/arm-none-eabi/7.3.1/../../../../arm-none-eabi/lib/thumb/v7e-m/fpv4-sp/hard/libc.a(lib_a-fini.o)
 .text          0x0000000000000000        0x0 /Applications/Ac6/SystemWorkbench.app/Contents/Eclipse/plugins/fr.ac6.mcu.externaltools.arm-none.macos64_1.17.0.201812190825/tools/compiler/bin/../lib/gcc/arm-none-eabi/7.3.1/../../../../arm-none-eabi/lib/thumb/v7e-m/fpv4-sp/hard/libc.a(lib_a-lock.o)
 .data          0x0000000000000000        0x0 /Applications/Ac6/SystemWorkbench.app/Contents/Eclipse/plugins/fr.ac6.mcu.externaltools.arm-none.macos64_1.17.0.201812190825/tools/compiler/bin/../lib/gcc/arm-none-eabi/7.3.1/../../../../arm-none-eabi/lib/thumb/v7e-m/fpv4-sp/hard/libc.a(lib_a-lock.o)
 .bss           0x0000000000000000        0x0 /Applications/Ac6/SystemWorkbench.app/Contents/Eclipse/plugins/fr.ac6.mcu.externaltools.arm-none.macos64_1.17.0.201812190825/tools/compiler/bin/../lib/gcc/arm-none-eabi/7.3.1/../../../../arm-none-eabi/lib/thumb/v7e-m/fpv4-sp/hard/libc.a(lib_a-lock.o)
 .text.__retarget_lock_init
                0x0000000000000000        0x4 /Applications/Ac6/SystemWorkbench.app/Contents/Eclipse/plugins/fr.ac6.mcu.externaltools.arm-none.macos64_1.17.0.201812190825/tools/compiler/bin/../lib/gcc/arm-none-eabi/7.3.1/../../../../arm-none-eabi/lib/thumb/v7e-m/fpv4-sp/hard/libc.a(lib_a-lock.o)
 .text.__retarget_lock_init_recursive
                0x0000000000000000        0x4 /Applications/Ac6/SystemWorkbench.app/Contents/Eclipse/plugins/fr.ac6.mcu.externaltools.arm-none.macos64_1.17.0.201812190825/tools/compiler/bin/../lib/gcc/arm-none-eabi/7.3.1/../../../../arm-none-eabi/lib/thumb/v7e-m/fpv4-sp/hard/libc.a(lib_a-lock.o)
 .text.__retarget_lock_close
                0x0000000000000000        0x4 /Applications/Ac6/SystemWorkbench.app/Contents/Eclipse/plugins/fr.ac6.mcu.externaltools.arm-none.macos64_1.17.0.201812190825/tools/compiler/bin/../lib/gcc/arm-none-eabi/7.3.1/../../../../arm-none-eabi/lib/thumb/v7e-m/fpv4-sp/hard/libc.a(lib_a-lock.o)
 .text.__retarget_lock_close_recursive
                0x0000000000000000        0x4 /Applications/Ac6/SystemWorkbench.app/Contents/Eclipse/plugins/fr.ac6.mcu.externaltools.arm-none.macos64_1.17.0.201812190825/tools/compiler/bin/../lib/gcc/arm-none-eabi/7.3.1/../../../../arm-none-eabi/lib/thumb/v7e-m/fpv4-sp/hard/libc.a(lib_a-lock.o)
 .text.__retarget_lock_acquire
                0x0000000000000000        0x4 /Applications/Ac6/SystemWorkbench.app/Contents/Eclipse/plugins/fr.ac6.mcu.externaltools.arm-none.macos64_1.17.0.201812190825/tools/compiler/bin/../lib/gcc/arm-none-eabi/7.3.1/../../../../arm-none-eabi/lib/thumb/v7e-m/fpv4-sp/hard/libc.a(lib_a-lock.o)
 .text.__retarget_lock_try_acquire
                0x0000000000000000        0x4 /Applications/Ac6/SystemWorkbench.app/Contents/Eclipse/plugins/fr.ac6.mcu.externaltools.arm-none.macos64_1.17.0.201812190825/tools/compiler/bin/../lib/gcc/arm-none-eabi/7.3.1/../../../../arm-none-eabi/lib/thumb/v7e-m/fpv4-sp/hard/libc.a(lib_a-lock.o)
 .text.__retarget_lock_try_acquire_recursive
                0x0000000000000000        0x4 /Applications/Ac6/SystemWorkbench.app/Contents/Eclipse/plugins/fr.ac6.mcu.externaltools.arm-none.macos64_1.17.0.201812190825/tools/compiler/bin/../lib/gcc/arm-none-eabi/7.3.1/../../../../arm-none-eabi/lib/thumb/v7e-m/fpv4-sp/hard/libc.a(lib_a-lock.o)
 .text.__retarget_lock_release
                0x0000000000000000        0x4 /Applications/Ac6/SystemWorkbench.app/Contents/Eclipse/plugins/fr.ac6.mcu.externaltools.arm-none.macos64_1.17.0.201812190825/tools/compiler/bin/../lib/gcc/arm-none-eabi/7.3.1/../../../../arm-none-eabi/lib/thumb/v7e-m/fpv4-sp/hard/libc.a(lib_a-lock.o)
 .text          0x0000000000000000        0x0 /Applications/Ac6/SystemWorkbench.app/Contents/Eclipse/plugins/fr.ac6.mcu.externaltools.arm-none.macos64_1.17.0.201812190825/tools/compiler/bin/../lib/gcc/arm-none-eabi/7.3.1/../../../../arm-none-eabi/lib/thumb/v7e-m/fpv4-sp/hard/libc.a(lib_a-__atexit.o)
 .data          0x0000000000000000        0x0 /Applications/Ac6/SystemWorkbench.app/Contents/Eclipse/plugins/fr.ac6.mcu.externaltools.arm-none.macos64_1.17.0.201812190825/tools/compiler/bin/../lib/gcc/arm-none-eabi/7.3.1/../../../../arm-none-eabi/lib/thumb/v7e-m/fpv4-sp/hard/libc.a(lib_a-__atexit.o)
 .bss           0x0000000000000000        0x0 /Applications/Ac6/SystemWorkbench.app/Contents/Eclipse/plugins/fr.ac6.mcu.externaltools.arm-none.macos64_1.17.0.201812190825/tools/compiler/bin/../lib/gcc/arm-none-eabi/7.3.1/../../../../arm-none-eabi/lib/thumb/v7e-m/fpv4-sp/hard/libc.a(lib_a-__atexit.o)
 .text          0x0000000000000000        0x0 /Applications/Ac6/SystemWorkbench.app/Contents/Eclipse/plugins/fr.ac6.mcu.externaltools.arm-none.macos64_1.17.0.201812190825/tools/compiler/bin/../lib/gcc/arm-none-eabi/7.3.1/thumb/v7e-m/fpv4-sp/hard/crtend.o
 .data          0x0000000000000000        0x0 /Applications/Ac6/SystemWorkbench.app/Contents/Eclipse/plugins/fr.ac6.mcu.externaltools.arm-none.macos64_1.17.0.201812190825/tools/compiler/bin/../lib/gcc/arm-none-eabi/7.3.1/thumb/v7e-m/fpv4-sp/hard/crtend.o
 .bss           0x0000000000000000        0x0 /Applications/Ac6/SystemWorkbench.app/Contents/Eclipse/plugins/fr.ac6.mcu.externaltools.arm-none.macos64_1.17.0.201812190825/tools/compiler/bin/../lib/gcc/arm-none-eabi/7.3.1/thumb/v7e-m/fpv4-sp/hard/crtend.o
 .eh_frame      0x0000000000000000        0x4 /Applications/Ac6/SystemWorkbench.app/Contents/Eclipse/plugins/fr.ac6.mcu.externaltools.arm-none.macos64_1.17.0.201812190825/tools/compiler/bin/../lib/gcc/arm-none-eabi/7.3.1/thumb/v7e-m/fpv4-sp/hard/crtend.o
 .ARM.attributes
                0x0000000000000000       0x34 /Applications/Ac6/SystemWorkbench.app/Contents/Eclipse/plugins/fr.ac6.mcu.externaltools.arm-none.macos64_1.17.0.201812190825/tools/compiler/bin/../lib/gcc/arm-none-eabi/7.3.1/thumb/v7e-m/fpv4-sp/hard/crtend.o
 .text          0x0000000000000000        0x0 /Applications/Ac6/SystemWorkbench.app/Contents/Eclipse/plugins/fr.ac6.mcu.externaltools.arm-none.macos64_1.17.0.201812190825/tools/compiler/bin/../lib/gcc/arm-none-eabi/7.3.1/thumb/v7e-m/fpv4-sp/hard/crtn.o
 .data          0x0000000000000000        0x0 /Applications/Ac6/SystemWorkbench.app/Contents/Eclipse/plugins/fr.ac6.mcu.externaltools.arm-none.macos64_1.17.0.201812190825/tools/compiler/bin/../lib/gcc/arm-none-eabi/7.3.1/thumb/v7e-m/fpv4-sp/hard/crtn.o
 .bss           0x0000000000000000        0x0 /Applications/Ac6/SystemWorkbench.app/Contents/Eclipse/plugins/fr.ac6.mcu.externaltools.arm-none.macos64_1.17.0.201812190825/tools/compiler/bin/../lib/gcc/arm-none-eabi/7.3.1/thumb/v7e-m/fpv4-sp/hard/crtn.o

Memory Configuration

Name             Origin             Length             Attributes
FLASH            0x0000000008000000 0x0000000000080000 xr
RAM              0x0000000020000000 0x0000000000010000 xrw
CCMRAM           0x0000000010000000 0x0000000000004000 rw
*default*        0x0000000000000000 0xffffffffffffffff

Linker script and memory map

LOAD /Applications/Ac6/SystemWorkbench.app/Contents/Eclipse/plugins/fr.ac6.mcu.externaltools.arm-none.macos64_1.17.0.201812190825/tools/compiler/bin/../lib/gcc/arm-none-eabi/7.3.1/thumb/v7e-m/fpv4-sp/hard/crti.o
LOAD /Applications/Ac6/SystemWorkbench.app/Contents/Eclipse/plugins/fr.ac6.mcu.externaltools.arm-none.macos64_1.17.0.201812190825/tools/compiler/bin/../lib/gcc/arm-none-eabi/7.3.1/thumb/v7e-m/fpv4-sp/hard/crtbegin.o
LOAD /Applications/Ac6/SystemWorkbench.app/Contents/Eclipse/plugins/fr.ac6.mcu.externaltools.arm-none.macos64_1.17.0.201812190825/tools/compiler/bin/../lib/gcc/arm-none-eabi/7.3.1/../../../../arm-none-eabi/lib/thumb/v7e-m/fpv4-sp/hard/crt0.o
LOAD src/config.o
LOAD src/interrupts.o
LOAD src/main.o
LOAD src/set_course.o
LOAD src/system_stm32f3xx.o
LOAD startup/startup_stm32f303xe.o
LOAD /Applications/Ac6/SystemWorkbench.app/Contents/Eclipse/plugins/fr.ac6.mcu.externaltools.arm-none.macos64_1.17.0.201812190825/tools/compiler/bin/../lib/gcc/arm-none-eabi/7.3.1/../../../../arm-none-eabi/lib/thumb/v7e-m/fpv4-sp/hard/libm.a
START GROUP
LOAD /Applications/Ac6/SystemWorkbench.app/Contents/Eclipse/plugins/fr.ac6.mcu.externaltools.arm-none.macos64_1.17.0.201812190825/tools/compiler/bin/../lib/gcc/arm-none-eabi/7.3.1/thumb/v7e-m/fpv4-sp/hard/libgcc.a
LOAD /Applications/Ac6/SystemWorkbench.app/Contents/Eclipse/plugins/fr.ac6.mcu.externaltools.arm-none.macos64_1.17.0.201812190825/tools/compiler/bin/../lib/gcc/arm-none-eabi/7.3.1/../../../../arm-none-eabi/lib/thumb/v7e-m/fpv4-sp/hard/libc.a
END GROUP
LOAD /Applications/Ac6/SystemWorkbench.app/Contents/Eclipse/plugins/fr.ac6.mcu.externaltools.arm-none.macos64_1.17.0.201812190825/tools/compiler/bin/../lib/gcc/arm-none-eabi/7.3.1/thumb/v7e-m/fpv4-sp/hard/crtend.o
LOAD /Applications/Ac6/SystemWorkbench.app/Contents/Eclipse/plugins/fr.ac6.mcu.externaltools.arm-none.macos64_1.17.0.201812190825/tools/compiler/bin/../lib/gcc/arm-none-eabi/7.3.1/thumb/v7e-m/fpv4-sp/hard/crtn.o
                0x0000000020010000                _estack = 0x20010000
                0x0000000000000200                _Min_Heap_Size = 0x200
                0x0000000000000400                _Min_Stack_Size = 0x400

.isr_vector     0x0000000008000000      0x194
                0x0000000008000000                . = ALIGN (0x4)
 *(.isr_vector)
 .isr_vector    0x0000000008000000      0x194 startup/startup_stm32f303xe.o
                0x0000000008000000                g_pfnVectors
                0x0000000008000194                . = ALIGN (0x4)

.text           0x0000000008000194      0x9a0
                0x0000000008000194                . = ALIGN (0x4)
 *(.text)
 .text          0x0000000008000194       0x40 /Applications/Ac6/SystemWorkbench.app/Contents/Eclipse/plugins/fr.ac6.mcu.externaltools.arm-none.macos64_1.17.0.201812190825/tools/compiler/bin/../lib/gcc/arm-none-eabi/7.3.1/thumb/v7e-m/fpv4-sp/hard/crtbegin.o
 *(.text*)
 .text.NVIC_EnableIRQ
                0x00000000080001d4       0x34 src/config.o
 .text.RCC_Config
                0x0000000008000208       0xe8 src/config.o
                0x0000000008000208                RCC_Config
 .text.GPIO_Config
                0x00000000080002f0      0x158 src/config.o
                0x00000000080002f0                GPIO_Config
 .text.TIM_Config
                0x0000000008000448       0x44 src/config.o
                0x0000000008000448                TIM_Config
 .text.EXTI_Config
                0x000000000800048c       0x38 src/config.o
                0x000000000800048c                EXTI_Config
 .text.NVIC_ClearPendingIRQ
                0x00000000080004c4       0x34 src/interrupts.o
 .text.SysTick_Handler
                0x00000000080004f8        0xe src/interrupts.o
                0x00000000080004f8                SysTick_Handler
 *fill*         0x0000000008000506        0x2 
 .text.EXTI0_IRQHandler
                0x0000000008000508       0x30 src/interrupts.o
                0x0000000008000508                EXTI0_IRQHandler
 .text.TIM6_DAC_IRQHandler
                0x0000000008000538      0x1b8 src/interrupts.o
                0x0000000008000538                TIM6_DAC_IRQHandler
 .text.main     0x00000000080006f0       0x5c src/main.o
                0x00000000080006f0                main
 .text.getadress
                0x000000000800074c       0xac src/main.o
                0x000000000800074c                getadress
 .text.SystemInit
                0x00000000080007f8       0x94 src/system_stm32f3xx.o
                0x00000000080007f8                SystemInit
 .text.SystemCoreClockUpdate
                0x000000000800088c       0xd8 src/system_stm32f3xx.o
                0x000000000800088c                SystemCoreClockUpdate
 .text.Reset_Handler
                0x0000000008000964       0x50 startup/startup_stm32f303xe.o
                0x0000000008000964                Reset_Handler
 .text.Default_Handler
                0x00000000080009b4        0x2 startup/startup_stm32f303xe.o
                0x00000000080009b4                TIM1_BRK_TIM15_IRQHandler
                0x00000000080009b4                TIM8_TRG_COM_IRQHandler
                0x00000000080009b4                TIM8_CC_IRQHandler
                0x00000000080009b4                DebugMon_Handler
                0x00000000080009b4                SPI4_IRQHandler
                0x00000000080009b4                TIM1_CC_IRQHandler
                0x00000000080009b4                HardFault_Handler
                0x00000000080009b4                USB_HP_IRQHandler
                0x00000000080009b4                PVD_IRQHandler
                0x00000000080009b4                TAMP_STAMP_IRQHandler
                0x00000000080009b4                PendSV_Handler
                0x00000000080009b4                NMI_Handler
                0x00000000080009b4                EXTI3_IRQHandler
                0x00000000080009b4                I2C3_ER_IRQHandler
                0x00000000080009b4                USB_HP_CAN_TX_IRQHandler
                0x00000000080009b4                I2C2_EV_IRQHandler
                0x00000000080009b4                FPU_IRQHandler
                0x00000000080009b4                TIM1_UP_TIM16_IRQHandler
                0x00000000080009b4                UsageFault_Handler
                0x00000000080009b4                ADC1_2_IRQHandler
                0x00000000080009b4                SPI1_IRQHandler
                0x00000000080009b4                CAN_SCE_IRQHandler
                0x00000000080009b4                TIM8_UP_IRQHandler
                0x00000000080009b4                DMA2_Channel2_IRQHandler
                0x00000000080009b4                DMA1_Channel4_IRQHandler
                0x00000000080009b4                TIM20_TRG_COM_IRQHandler
                0x00000000080009b4                USART3_IRQHandler
                0x00000000080009b4                DMA1_Channel7_IRQHandler
                0x00000000080009b4                UART5_IRQHandler
                0x00000000080009b4                ADC3_IRQHandler
                0x00000000080009b4                TIM4_IRQHandler
                0x00000000080009b4                CAN_RX1_IRQHandler
                0x00000000080009b4                DMA2_Channel1_IRQHandler
                0x00000000080009b4                I2C1_EV_IRQHandler
                0x00000000080009b4                DMA1_Channel6_IRQHandler
                0x00000000080009b4                UART4_IRQHandler
                0x00000000080009b4                DMA2_Channel4_IRQHandler
                0x00000000080009b4                TIM3_IRQHandler
                0x00000000080009b4                RCC_IRQHandler
                0x00000000080009b4                TIM20_UP_IRQHandler
                0x00000000080009b4                DMA1_Channel1_IRQHandler
                0x00000000080009b4                Default_Handler
                0x00000000080009b4                USBWakeUp_RMP_IRQHandler
                0x00000000080009b4                EXTI15_10_IRQHandler
                0x00000000080009b4                TIM7_IRQHandler
                0x00000000080009b4                I2C3_EV_IRQHandler
                0x00000000080009b4                EXTI9_5_IRQHandler
                0x00000000080009b4                RTC_WKUP_IRQHandler
                0x00000000080009b4                SPI2_IRQHandler
                0x00000000080009b4                USB_LP_CAN_RX0_IRQHandler
                0x00000000080009b4                MemManage_Handler
                0x00000000080009b4                SVC_Handler
                0x00000000080009b4                DMA2_Channel5_IRQHandler
                0x00000000080009b4                DMA1_Channel5_IRQHandler
                0x00000000080009b4                USB_LP_IRQHandler
                0x00000000080009b4                EXTI4_IRQHandler
                0x00000000080009b4                TIM1_TRG_COM_TIM17_IRQHandler
                0x00000000080009b4                DMA1_Channel3_IRQHandler
                0x00000000080009b4                ADC4_IRQHandler
                0x00000000080009b4                WWDG_IRQHandler
                0x00000000080009b4                TIM2_IRQHandler
                0x00000000080009b4                COMP7_IRQHandler
                0x00000000080009b4                COMP1_2_3_IRQHandler
                0x00000000080009b4                EXTI1_IRQHandler
                0x00000000080009b4                USART2_IRQHandler
                0x00000000080009b4                COMP4_5_6_IRQHandler
                0x00000000080009b4                TIM20_BRK_IRQHandler
                0x00000000080009b4                I2C2_ER_IRQHandler
                0x00000000080009b4                DMA1_Channel2_IRQHandler
                0x00000000080009b4                TIM8_BRK_IRQHandler
                0x00000000080009b4                FLASH_IRQHandler
                0x00000000080009b4                TIM20_CC_IRQHandler
                0x00000000080009b4                BusFault_Handler
                0x00000000080009b4                USART1_IRQHandler
                0x00000000080009b4                SPI3_IRQHandler
                0x00000000080009b4                I2C1_ER_IRQHandler
                0x00000000080009b4                FMC_IRQHandler
                0x00000000080009b4                USBWakeUp_IRQHandler
                0x00000000080009b4                DMA2_Channel3_IRQHandler
                0x00000000080009b4                EXTI2_TSC_IRQHandler
                0x00000000080009b4                RTC_Alarm_IRQHandler
 *fill*         0x00000000080009b6        0x2 
 .text.__libc_init_array
                0x00000000080009b8       0x48 /Applications/Ac6/SystemWorkbench.app/Contents/Eclipse/plugins/fr.ac6.mcu.externaltools.arm-none.macos64_1.17.0.201812190825/tools/compiler/bin/../lib/gcc/arm-none-eabi/7.3.1/../../../../arm-none-eabi/lib/thumb/v7e-m/fpv4-sp/hard/libc.a(lib_a-init.o)
                0x00000000080009b8                __libc_init_array
 .text.startup.register_fini
                0x0000000008000a00       0x14 /Applications/Ac6/SystemWorkbench.app/Contents/Eclipse/plugins/fr.ac6.mcu.externaltools.arm-none.macos64_1.17.0.201812190825/tools/compiler/bin/../lib/gcc/arm-none-eabi/7.3.1/../../../../arm-none-eabi/lib/thumb/v7e-m/fpv4-sp/hard/libc.a(lib_a-__call_atexit.o)
 .text.atexit   0x0000000008000a14        0xc /Applications/Ac6/SystemWorkbench.app/Contents/Eclipse/plugins/fr.ac6.mcu.externaltools.arm-none.macos64_1.17.0.201812190825/tools/compiler/bin/../lib/gcc/arm-none-eabi/7.3.1/../../../../arm-none-eabi/lib/thumb/v7e-m/fpv4-sp/hard/libc.a(lib_a-atexit.o)
                0x0000000008000a14                atexit
 .text.__libc_fini_array
                0x0000000008000a20       0x34 /Applications/Ac6/SystemWorkbench.app/Contents/Eclipse/plugins/fr.ac6.mcu.externaltools.arm-none.macos64_1.17.0.201812190825/tools/compiler/bin/../lib/gcc/arm-none-eabi/7.3.1/../../../../arm-none-eabi/lib/thumb/v7e-m/fpv4-sp/hard/libc.a(lib_a-fini.o)
                0x0000000008000a20                __libc_fini_array
 .text.__retarget_lock_acquire_recursive
                0x0000000008000a54        0x4 /Applications/Ac6/SystemWorkbench.app/Contents/Eclipse/plugins/fr.ac6.mcu.externaltools.arm-none.macos64_1.17.0.201812190825/tools/compiler/bin/../lib/gcc/arm-none-eabi/7.3.1/../../../../arm-none-eabi/lib/thumb/v7e-m/fpv4-sp/hard/libc.a(lib_a-lock.o)
                0x0000000008000a54                __retarget_lock_acquire_recursive
 .text.__retarget_lock_release_recursive
                0x0000000008000a58        0x4 /Applications/Ac6/SystemWorkbench.app/Contents/Eclipse/plugins/fr.ac6.mcu.externaltools.arm-none.macos64_1.17.0.201812190825/tools/compiler/bin/../lib/gcc/arm-none-eabi/7.3.1/../../../../arm-none-eabi/lib/thumb/v7e-m/fpv4-sp/hard/libc.a(lib_a-lock.o)
                0x0000000008000a58                __retarget_lock_release_recursive
 .text.__register_exitproc
                0x0000000008000a5c       0xc0 /Applications/Ac6/SystemWorkbench.app/Contents/Eclipse/plugins/fr.ac6.mcu.externaltools.arm-none.macos64_1.17.0.201812190825/tools/compiler/bin/../lib/gcc/arm-none-eabi/7.3.1/../../../../arm-none-eabi/lib/thumb/v7e-m/fpv4-sp/hard/libc.a(lib_a-__atexit.o)
                0x0000000008000a5c                __register_exitproc
 *(.glue_7)
 .glue_7        0x0000000008000b1c        0x0 linker stubs
 *(.glue_7t)
 .glue_7t       0x0000000008000b1c        0x0 linker stubs
 *(.eh_frame)
 .eh_frame      0x0000000008000b1c        0x0 /Applications/Ac6/SystemWorkbench.app/Contents/Eclipse/plugins/fr.ac6.mcu.externaltools.arm-none.macos64_1.17.0.201812190825/tools/compiler/bin/../lib/gcc/arm-none-eabi/7.3.1/thumb/v7e-m/fpv4-sp/hard/crtbegin.o
 *(.init)
 .init          0x0000000008000b1c        0x4 /Applications/Ac6/SystemWorkbench.app/Contents/Eclipse/plugins/fr.ac6.mcu.externaltools.arm-none.macos64_1.17.0.201812190825/tools/compiler/bin/../lib/gcc/arm-none-eabi/7.3.1/thumb/v7e-m/fpv4-sp/hard/crti.o
                0x0000000008000b1c                _init
 .init          0x0000000008000b20        0x8 /Applications/Ac6/SystemWorkbench.app/Contents/Eclipse/plugins/fr.ac6.mcu.externaltools.arm-none.macos64_1.17.0.201812190825/tools/compiler/bin/../lib/gcc/arm-none-eabi/7.3.1/thumb/v7e-m/fpv4-sp/hard/crtn.o
 *(.fini)
 .fini          0x0000000008000b28        0x4 /Applications/Ac6/SystemWorkbench.app/Contents/Eclipse/plugins/fr.ac6.mcu.externaltools.arm-none.macos64_1.17.0.201812190825/tools/compiler/bin/../lib/gcc/arm-none-eabi/7.3.1/thumb/v7e-m/fpv4-sp/hard/crti.o
                0x0000000008000b28                _fini
 .fini          0x0000000008000b2c        0x8 /Applications/Ac6/SystemWorkbench.app/Contents/Eclipse/plugins/fr.ac6.mcu.externaltools.arm-none.macos64_1.17.0.201812190825/tools/compiler/bin/../lib/gcc/arm-none-eabi/7.3.1/thumb/v7e-m/fpv4-sp/hard/crtn.o
                0x0000000008000b34                . = ALIGN (0x4)
                0x0000000008000b34                _etext = .

.vfp11_veneer   0x0000000008000b34        0x0
 .vfp11_veneer  0x0000000008000b34        0x0 linker stubs

.v4_bx          0x0000000008000b34        0x0
 .v4_bx         0x0000000008000b34        0x0 linker stubs

.iplt           0x0000000008000b34        0x0
 .iplt          0x0000000008000b34        0x0 /Applications/Ac6/SystemWorkbench.app/Contents/Eclipse/plugins/fr.ac6.mcu.externaltools.arm-none.macos64_1.17.0.201812190825/tools/compiler/bin/../lib/gcc/arm-none-eabi/7.3.1/thumb/v7e-m/fpv4-sp/hard/crtbegin.o

.rodata         0x0000000008000b34       0x1c
                0x0000000008000b34                . = ALIGN (0x4)
 *(.rodata)
 .rodata        0x0000000008000b34       0x18 src/system_stm32f3xx.o
                0x0000000008000b34                AHBPrescTable
                0x0000000008000b44                APBPrescTable
 *(.rodata*)
 .rodata._global_impure_ptr
                0x0000000008000b4c        0x4 /Applications/Ac6/SystemWorkbench.app/Contents/Eclipse/plugins/fr.ac6.mcu.externaltools.arm-none.macos64_1.17.0.201812190825/tools/compiler/bin/../lib/gcc/arm-none-eabi/7.3.1/../../../../arm-none-eabi/lib/thumb/v7e-m/fpv4-sp/hard/libc.a(lib_a-impure.o)
                0x0000000008000b4c                _global_impure_ptr
                0x0000000008000b50                . = ALIGN (0x4)

.rel.dyn        0x0000000008000b50        0x0
 .rel.iplt      0x0000000008000b50        0x0 /Applications/Ac6/SystemWorkbench.app/Contents/Eclipse/plugins/fr.ac6.mcu.externaltools.arm-none.macos64_1.17.0.201812190825/tools/compiler/bin/../lib/gcc/arm-none-eabi/7.3.1/thumb/v7e-m/fpv4-sp/hard/crtbegin.o

.ARM.extab
 *(.ARM.extab* .gnu.linkonce.armextab.*)

.ARM            0x0000000008000b50        0x0
                0x0000000008000b50                __exidx_start = .
 *(.ARM.exidx*)
                0x0000000008000b50                __exidx_end = .

.preinit_array  0x0000000008000b50        0x0
                0x0000000008000b50                PROVIDE (__preinit_array_start = .)
 *(.preinit_array*)
                0x0000000008000b50                PROVIDE (__preinit_array_end = .)

.init_array     0x0000000008000b50        0x8
                0x0000000008000b50                PROVIDE (__init_array_start = .)
 *(SORT_BY_NAME(.init_array.*))
 .init_array.00000
                0x0000000008000b50        0x4 /Applications/Ac6/SystemWorkbench.app/Contents/Eclipse/plugins/fr.ac6.mcu.externaltools.arm-none.macos64_1.17.0.201812190825/tools/compiler/bin/../lib/gcc/arm-none-eabi/7.3.1/../../../../arm-none-eabi/lib/thumb/v7e-m/fpv4-sp/hard/libc.a(lib_a-__call_atexit.o)
 *(.init_array*)
 .init_array    0x0000000008000b54        0x4 /Applications/Ac6/SystemWorkbench.app/Contents/Eclipse/plugins/fr.ac6.mcu.externaltools.arm-none.macos64_1.17.0.201812190825/tools/compiler/bin/../lib/gcc/arm-none-eabi/7.3.1/thumb/v7e-m/fpv4-sp/hard/crtbegin.o
                0x0000000008000b58                PROVIDE (__init_array_end = .)

.fini_array     0x0000000008000b58        0x4
                0x0000000008000b58                PROVIDE (__fini_array_start = .)
 *(SORT_BY_NAME(.fini_array.*))
 *(.fini_array*)
 .fini_array    0x0000000008000b58        0x4 /Applications/Ac6/SystemWorkbench.app/Contents/Eclipse/plugins/fr.ac6.mcu.externaltools.arm-none.macos64_1.17.0.201812190825/tools/compiler/bin/../lib/gcc/arm-none-eabi/7.3.1/thumb/v7e-m/fpv4-sp/hard/crtbegin.o
                0x0000000008000b5c                PROVIDE (__fini_array_end = .)
                0x0000000008000b5c                _sidata = LOADADDR (.data)

.data           0x0000000020000000      0x434 load address 0x0000000008000b5c
                0x0000000020000000                . = ALIGN (0x4)
                0x0000000020000000                _sdata = .
 *(.data)
 .data          0x0000000020000000        0x1 src/main.o
                0x0000000020000000                i
 *fill*         0x0000000020000001        0x3 
 .data          0x0000000020000004        0x4 src/system_stm32f3xx.o
                0x0000000020000004                SystemCoreClock
 *(.data*)
 .data.impure_data
                0x0000000020000008      0x428 /Applications/Ac6/SystemWorkbench.app/Contents/Eclipse/plugins/fr.ac6.mcu.externaltools.arm-none.macos64_1.17.0.201812190825/tools/compiler/bin/../lib/gcc/arm-none-eabi/7.3.1/../../../../arm-none-eabi/lib/thumb/v7e-m/fpv4-sp/hard/libc.a(lib_a-impure.o)
 .data.__atexit_recursive_mutex
                0x0000000020000430        0x4 /Applications/Ac6/SystemWorkbench.app/Contents/Eclipse/plugins/fr.ac6.mcu.externaltools.arm-none.macos64_1.17.0.201812190825/tools/compiler/bin/../lib/gcc/arm-none-eabi/7.3.1/../../../../arm-none-eabi/lib/thumb/v7e-m/fpv4-sp/hard/libc.a(lib_a-__call_atexit.o)
                0x0000000020000430                __atexit_recursive_mutex
                0x0000000020000434                . = ALIGN (0x4)
                0x0000000020000434                _edata = .
                0x0000000008000f90                _siccmram = LOADADDR (.ccmram)

.igot.plt       0x0000000020000434        0x0 load address 0x0000000008000f90
 .igot.plt      0x0000000020000434        0x0 /Applications/Ac6/SystemWorkbench.app/Contents/Eclipse/plugins/fr.ac6.mcu.externaltools.arm-none.macos64_1.17.0.201812190825/tools/compiler/bin/../lib/gcc/arm-none-eabi/7.3.1/thumb/v7e-m/fpv4-sp/hard/crtbegin.o

.ccmram         0x0000000010000000        0x0 load address 0x0000000008000f90
                0x0000000010000000                . = ALIGN (0x4)
                0x0000000010000000                _sccmram = .
 *(.ccmram)
 *(.ccmram*)
                0x0000000010000000                . = ALIGN (0x4)
                0x0000000010000000                _eccmram = .
                0x0000000010000000                . = ALIGN (0x4)

.bss            0x0000000020000434       0x50
                0x0000000020000434                _sbss = .
                0x0000000020000434                __bss_start__ = _sbss
 *(.bss)
 .bss           0x0000000020000434       0x1c /Applications/Ac6/SystemWorkbench.app/Contents/Eclipse/plugins/fr.ac6.mcu.externaltools.arm-none.macos64_1.17.0.201812190825/tools/compiler/bin/../lib/gcc/arm-none-eabi/7.3.1/thumb/v7e-m/fpv4-sp/hard/crtbegin.o
 .bss           0x0000000020000450        0x1 src/main.o
                0x0000000020000450                t
 *(.bss*)
 *(COMMON)
 *fill*         0x0000000020000451        0x3 
 COMMON         0x0000000020000454        0xa src/main.o
                0x0000000020000454                bit
                0x0000000020000455                dcc_adress
                0x0000000020000456                byte
                0x0000000020000458                paket
                0x000000002000045b                newbit
                0x000000002000045c                recstate
                0x000000002000045d                received
 *fill*         0x000000002000045e        0x2 
 COMMON         0x0000000020000460       0x21 /Applications/Ac6/SystemWorkbench.app/Contents/Eclipse/plugins/fr.ac6.mcu.externaltools.arm-none.macos64_1.17.0.201812190825/tools/compiler/bin/../lib/gcc/arm-none-eabi/7.3.1/../../../../arm-none-eabi/lib/thumb/v7e-m/fpv4-sp/hard/libc.a(lib_a-lock.o)
                0x0000000020000460                __lock___atexit_recursive_mutex
                0x0000000020000464                __lock___arc4random_mutex
                0x0000000020000468                __lock___env_recursive_mutex
                0x000000002000046c                __lock___sinit_recursive_mutex
                0x0000000020000470                __lock___malloc_recursive_mutex
                0x0000000020000474                __lock___at_quick_exit_mutex
                0x0000000020000478                __lock___dd_hash_mutex
                0x000000002000047c                __lock___tz_mutex
                0x0000000020000480                __lock___sfp_recursive_mutex
                0x0000000020000484                . = ALIGN (0x4)
 *fill*         0x0000000020000481        0x3 
                0x0000000020000484                _ebss = .
                0x0000000020000484                __bss_end__ = _ebss

._user_heap_stack
                0x0000000020000484      0x604
                0x0000000020000488                . = ALIGN (0x8)
 *fill*         0x0000000020000484        0x4 
                [!provide]                        PROVIDE (end = .)
                [!provide]                        PROVIDE (_end = .)
                0x0000000020000688                . = (. + _Min_Heap_Size)
 *fill*         0x0000000020000488      0x200 
                0x0000000020000a88                . = (. + _Min_Stack_Size)
 *fill*         0x0000000020000688      0x400 
                0x0000000020000a88                . = ALIGN (0x8)

/DISCARD/
 libc.a(*)
 libm.a(*)
 libgcc.a(*)

.ARM.attributes
                0x0000000000000000       0x30
 *(.ARM.attributes)
 .ARM.attributes
                0x0000000000000000       0x22 /Applications/Ac6/SystemWorkbench.app/Contents/Eclipse/plugins/fr.ac6.mcu.externaltools.arm-none.macos64_1.17.0.201812190825/tools/compiler/bin/../lib/gcc/arm-none-eabi/7.3.1/thumb/v7e-m/fpv4-sp/hard/crti.o
 .ARM.attributes
                0x0000000000000022       0x34 /Applications/Ac6/SystemWorkbench.app/Contents/Eclipse/plugins/fr.ac6.mcu.externaltools.arm-none.macos64_1.17.0.201812190825/tools/compiler/bin/../lib/gcc/arm-none-eabi/7.3.1/thumb/v7e-m/fpv4-sp/hard/crtbegin.o
 .ARM.attributes
                0x0000000000000056       0x39 src/config.o
 .ARM.attributes
                0x000000000000008f       0x39 src/interrupts.o
 .ARM.attributes
                0x00000000000000c8       0x39 src/main.o
 .ARM.attributes
                0x0000000000000101       0x39 src/system_stm32f3xx.o
 .ARM.attributes
                0x000000000000013a       0x21 startup/startup_stm32f303xe.o
 .ARM.attributes
                0x000000000000015b       0x34 /Applications/Ac6/SystemWorkbench.app/Contents/Eclipse/plugins/fr.ac6.mcu.externaltools.arm-none.macos64_1.17.0.201812190825/tools/compiler/bin/../lib/gcc/arm-none-eabi/7.3.1/../../../../arm-none-eabi/lib/thumb/v7e-m/fpv4-sp/hard/libc.a(lib_a-impure.o)
 .ARM.attributes
                0x000000000000018f       0x34 /Applications/Ac6/SystemWorkbench.app/Contents/Eclipse/plugins/fr.ac6.mcu.externaltools.arm-none.macos64_1.17.0.201812190825/tools/compiler/bin/../lib/gcc/arm-none-eabi/7.3.1/../../../../arm-none-eabi/lib/thumb/v7e-m/fpv4-sp/hard/libc.a(lib_a-init.o)
 .ARM.attributes
                0x00000000000001c3       0x34 /Applications/Ac6/SystemWorkbench.app/Contents/Eclipse/plugins/fr.ac6.mcu.externaltools.arm-none.macos64_1.17.0.201812190825/tools/compiler/bin/../lib/gcc/arm-none-eabi/7.3.1/../../../../arm-none-eabi/lib/thumb/v7e-m/fpv4-sp/hard/libc.a(lib_a-__call_atexit.o)
 .ARM.attributes
                0x00000000000001f7       0x34 /Applications/Ac6/SystemWorkbench.app/Contents/Eclipse/plugins/fr.ac6.mcu.externaltools.arm-none.macos64_1.17.0.201812190825/tools/compiler/bin/../lib/gcc/arm-none-eabi/7.3.1/../../../../arm-none-eabi/lib/thumb/v7e-m/fpv4-sp/hard/libc.a(lib_a-atexit.o)
 .ARM.attributes
                0x000000000000022b       0x34 /Applications/Ac6/SystemWorkbench.app/Contents/Eclipse/plugins/fr.ac6.mcu.externaltools.arm-none.macos64_1.17.0.201812190825/tools/compiler/bin/../lib/gcc/arm-none-eabi/7.3.1/../../../../arm-none-eabi/lib/thumb/v7e-m/fpv4-sp/hard/libc.a(lib_a-fini.o)
 .ARM.attributes
                0x000000000000025f       0x34 /Applications/Ac6/SystemWorkbench.app/Contents/Eclipse/plugins/fr.ac6.mcu.externaltools.arm-none.macos64_1.17.0.201812190825/tools/compiler/bin/../lib/gcc/arm-none-eabi/7.3.1/../../../../arm-none-eabi/lib/thumb/v7e-m/fpv4-sp/hard/libc.a(lib_a-lock.o)
 .ARM.attributes
                0x0000000000000293       0x34 /Applications/Ac6/SystemWorkbench.app/Contents/Eclipse/plugins/fr.ac6.mcu.externaltools.arm-none.macos64_1.17.0.201812190825/tools/compiler/bin/../lib/gcc/arm-none-eabi/7.3.1/../../../../arm-none-eabi/lib/thumb/v7e-m/fpv4-sp/hard/libc.a(lib_a-__atexit.o)
 .ARM.attributes
                0x00000000000002c7       0x22 /Applications/Ac6/SystemWorkbench.app/Contents/Eclipse/plugins/fr.ac6.mcu.externaltools.arm-none.macos64_1.17.0.201812190825/tools/compiler/bin/../lib/gcc/arm-none-eabi/7.3.1/thumb/v7e-m/fpv4-sp/hard/crtn.o
OUTPUT(IPL_Weiche.elf elf32-littlearm)

.debug_info     0x0000000000000000     0x219e
 .debug_info    0x0000000000000000      0x9d0 src/config.o
 .debug_info    0x00000000000009d0      0x82e src/interrupts.o
 .debug_info    0x00000000000011fe      0xb7e src/main.o
 .debug_info    0x0000000000001d7c      0x400 src/system_stm32f3xx.o
 .debug_info    0x000000000000217c       0x22 startup/startup_stm32f303xe.o

.debug_abbrev   0x0000000000000000      0x62a
 .debug_abbrev  0x0000000000000000      0x160 src/config.o
 .debug_abbrev  0x0000000000000160      0x171 src/interrupts.o
 .debug_abbrev  0x00000000000002d1      0x236 src/main.o
 .debug_abbrev  0x0000000000000507      0x111 src/system_stm32f3xx.o
 .debug_abbrev  0x0000000000000618       0x12 startup/startup_stm32f303xe.o

.debug_aranges  0x0000000000000000       0xf0
 .debug_aranges
                0x0000000000000000       0x40 src/config.o
 .debug_aranges
                0x0000000000000040       0x38 src/interrupts.o
 .debug_aranges
                0x0000000000000078       0x28 src/main.o
 .debug_aranges
                0x00000000000000a0       0x28 src/system_stm32f3xx.o
 .debug_aranges
                0x00000000000000c8       0x28 startup/startup_stm32f303xe.o

.debug_ranges   0x0000000000000000       0xa8
 .debug_ranges  0x0000000000000000       0x30 src/config.o
 .debug_ranges  0x0000000000000030       0x28 src/interrupts.o
 .debug_ranges  0x0000000000000058       0x18 src/main.o
 .debug_ranges  0x0000000000000070       0x18 src/system_stm32f3xx.o
 .debug_ranges  0x0000000000000088       0x20 startup/startup_stm32f303xe.o

.debug_macro    0x0000000000000000    0x18479
 .debug_macro   0x0000000000000000       0xe8 src/config.o
 .debug_macro   0x00000000000000e8      0xa72 src/config.o
 .debug_macro   0x0000000000000b5a       0x2b src/config.o
 .debug_macro   0x0000000000000b85       0x28 src/config.o
 .debug_macro   0x0000000000000bad       0x22 src/config.o
 .debug_macro   0x0000000000000bcf       0x8e src/config.o
 .debug_macro   0x0000000000000c5d       0x51 src/config.o
 .debug_macro   0x0000000000000cae       0xef src/config.o
 .debug_macro   0x0000000000000d9d       0x6a src/config.o
 .debug_macro   0x0000000000000e07      0x1df src/config.o
 .debug_macro   0x0000000000000fe6       0x35 src/config.o
 .debug_macro   0x000000000000101b       0x50 src/config.o
 .debug_macro   0x000000000000106b      0xe66 src/config.o
 .debug_macro   0x0000000000001ed1    0x1534c src/config.o
 .debug_macro   0x000000000001721d       0x43 src/config.o
 .debug_macro   0x0000000000017260       0x16 src/config.o
 .debug_macro   0x0000000000017276       0x4c src/config.o
 .debug_macro   0x00000000000172c2       0xdd src/interrupts.o
 .debug_macro   0x000000000001739f       0x1c src/interrupts.o
 .debug_macro   0x00000000000173bb      0x27f src/main.o
 .debug_macro   0x000000000001763a       0x58 src/main.o
 .debug_macro   0x0000000000017692       0x18 src/main.o
 .debug_macro   0x00000000000176aa       0x94 src/main.o
 .debug_macro   0x000000000001773e       0x35 src/main.o
 .debug_macro   0x0000000000017773       0x34 src/main.o
 .debug_macro   0x00000000000177a7       0x16 src/main.o
 .debug_macro   0x00000000000177bd       0x57 src/main.o
 .debug_macro   0x0000000000017814       0x97 src/main.o
 .debug_macro   0x00000000000178ab      0x330 src/main.o
 .debug_macro   0x0000000000017bdb       0xfd src/main.o
 .debug_macro   0x0000000000017cd8       0x10 src/main.o
 .debug_macro   0x0000000000017ce8       0x58 src/main.o
 .debug_macro   0x0000000000017d40       0x1f src/main.o
 .debug_macro   0x0000000000017d5f       0x43 src/main.o
 .debug_macro   0x0000000000017da2       0x20 src/main.o
 .debug_macro   0x0000000000017dc2      0x18e src/main.o
 .debug_macro   0x0000000000017f50       0x10 src/main.o
 .debug_macro   0x0000000000017f60       0x1c src/main.o
 .debug_macro   0x0000000000017f7c       0x52 src/main.o
 .debug_macro   0x0000000000017fce       0x40 src/main.o
 .debug_macro   0x000000000001800e       0x10 src/main.o
 .debug_macro   0x000000000001801e       0x40 src/main.o
 .debug_macro   0x000000000001805e       0xd7 src/main.o
 .debug_macro   0x0000000000018135       0x1c src/main.o
 .debug_macro   0x0000000000018151       0x3d src/main.o
 .debug_macro   0x000000000001818e       0x16 src/main.o
 .debug_macro   0x00000000000181a4      0x16f src/main.o
 .debug_macro   0x0000000000018313       0x16 src/main.o
 .debug_macro   0x0000000000018329       0x35 src/main.o
 .debug_macro   0x000000000001835e       0x16 src/main.o
 .debug_macro   0x0000000000018374       0x29 src/main.o
 .debug_macro   0x000000000001839d       0xdc src/system_stm32f3xx.o

.debug_line     0x0000000000000000     0x1700
 .debug_line    0x0000000000000000      0x598 src/config.o
 .debug_line    0x0000000000000598      0x59a src/interrupts.o
 .debug_line    0x0000000000000b32      0x67d src/main.o
 .debug_line    0x00000000000011af      0x4d2 src/system_stm32f3xx.o
 .debug_line    0x0000000000001681       0x7f startup/startup_stm32f303xe.o

.debug_str      0x0000000000000000    0x846af
 .debug_str     0x0000000000000000    0x80380 src/config.o
                                      0x80640 (size before relaxing)
 .debug_str     0x0000000000080380       0xc7 src/interrupts.o
                                      0x804d3 (size before relaxing)
 .debug_str     0x0000000000080447     0x413b src/main.o
                                      0x841e6 (size before relaxing)
 .debug_str     0x0000000000084582       0xfe src/system_stm32f3xx.o
                                      0x7ff0a (size before relaxing)
 .debug_str     0x0000000000084680       0x2f startup/startup_stm32f303xe.o
                                         0x89 (size before relaxing)

.comment        0x0000000000000000       0x7f
 .comment       0x0000000000000000       0x7f src/config.o
                                         0x80 (size before relaxing)
 .comment       0x000000000000007f       0x80 src/interrupts.o
 .comment       0x000000000000007f       0x80 src/main.o
 .comment       0x000000000000007f       0x80 src/system_stm32f3xx.o

.debug_frame    0x0000000000000000      0x3a8
 .debug_frame   0x0000000000000000       0xac src/config.o
 .debug_frame   0x00000000000000ac       0x90 src/interrupts.o
 .debug_frame   0x000000000000013c       0x54 src/main.o
 .debug_frame   0x0000000000000190       0x58 src/system_stm32f3xx.o
 .debug_frame   0x00000000000001e8       0x2c /Applications/Ac6/SystemWorkbench.app/Contents/Eclipse/plugins/fr.ac6.mcu.externaltools.arm-none.macos64_1.17.0.201812190825/tools/compiler/bin/../lib/gcc/arm-none-eabi/7.3.1/../../../../arm-none-eabi/lib/thumb/v7e-m/fpv4-sp/hard/libc.a(lib_a-init.o)
 .debug_frame   0x0000000000000214       0x5c /Applications/Ac6/SystemWorkbench.app/Contents/Eclipse/plugins/fr.ac6.mcu.externaltools.arm-none.macos64_1.17.0.201812190825/tools/compiler/bin/../lib/gcc/arm-none-eabi/7.3.1/../../../../arm-none-eabi/lib/thumb/v7e-m/fpv4-sp/hard/libc.a(lib_a-__call_atexit.o)
 .debug_frame   0x0000000000000270       0x20 /Applications/Ac6/SystemWorkbench.app/Contents/Eclipse/plugins/fr.ac6.mcu.externaltools.arm-none.macos64_1.17.0.201812190825/tools/compiler/bin/../lib/gcc/arm-none-eabi/7.3.1/../../../../arm-none-eabi/lib/thumb/v7e-m/fpv4-sp/hard/libc.a(lib_a-atexit.o)
 .debug_frame   0x0000000000000290       0x34 /Applications/Ac6/SystemWorkbench.app/Contents/Eclipse/plugins/fr.ac6.mcu.externaltools.arm-none.macos64_1.17.0.201812190825/tools/compiler/bin/../lib/gcc/arm-none-eabi/7.3.1/../../../../arm-none-eabi/lib/thumb/v7e-m/fpv4-sp/hard/libc.a(lib_a-fini.o)
 .debug_frame   0x00000000000002c4       0xb0 /Applications/Ac6/SystemWorkbench.app/Contents/Eclipse/plugins/fr.ac6.mcu.externaltools.arm-none.macos64_1.17.0.201812190825/tools/compiler/bin/../lib/gcc/arm-none-eabi/7.3.1/../../../../arm-none-eabi/lib/thumb/v7e-m/fpv4-sp/hard/libc.a(lib_a-lock.o)
 .debug_frame   0x0000000000000374       0x34 /Applications/Ac6/SystemWorkbench.app/Contents/Eclipse/plugins/fr.ac6.mcu.externaltools.arm-none.macos64_1.17.0.201812190825/tools/compiler/bin/../lib/gcc/arm-none-eabi/7.3.1/../../../../arm-none-eabi/lib/thumb/v7e-m/fpv4-sp/hard/libc.a(lib_a-__atexit.o)
