Archive member included to satisfy reference by file (symbol)

/Applications/Ac6/SystemWorkbench.app/Contents/Eclipse/plugins/fr.ac6.mcu.externaltools.arm-none.macos64_1.17.0.201812190825/tools/compiler/bin/../lib/gcc/arm-none-eabi/7.3.1/../../../../arm-none-eabi/lib/thumb/v7e-m/fpv4-sp/hard/libc.a(lib_a-exit.o)
                              /Applications/Ac6/SystemWorkbench.app/Contents/Eclipse/plugins/fr.ac6.mcu.externaltools.arm-none.macos64_1.17.0.201812190825/tools/compiler/bin/../lib/gcc/arm-none-eabi/7.3.1/../../../../arm-none-eabi/lib/thumb/v7e-m/fpv4-sp/hard/crt0.o (exit)
/Applications/Ac6/SystemWorkbench.app/Contents/Eclipse/plugins/fr.ac6.mcu.externaltools.arm-none.macos64_1.17.0.201812190825/tools/compiler/bin/../lib/gcc/arm-none-eabi/7.3.1/../../../../arm-none-eabi/lib/thumb/v7e-m/fpv4-sp/hard/libc.a(lib_a-impure.o)
                              /Applications/Ac6/SystemWorkbench.app/Contents/Eclipse/plugins/fr.ac6.mcu.externaltools.arm-none.macos64_1.17.0.201812190825/tools/compiler/bin/../lib/gcc/arm-none-eabi/7.3.1/../../../../arm-none-eabi/lib/thumb/v7e-m/fpv4-sp/hard/libc.a(lib_a-exit.o) (_global_impure_ptr)
/Applications/Ac6/SystemWorkbench.app/Contents/Eclipse/plugins/fr.ac6.mcu.externaltools.arm-none.macos64_1.17.0.201812190825/tools/compiler/bin/../lib/gcc/arm-none-eabi/7.3.1/../../../../arm-none-eabi/lib/thumb/v7e-m/fpv4-sp/hard/libc.a(lib_a-init.o)
                              /Applications/Ac6/SystemWorkbench.app/Contents/Eclipse/plugins/fr.ac6.mcu.externaltools.arm-none.macos64_1.17.0.201812190825/tools/compiler/bin/../lib/gcc/arm-none-eabi/7.3.1/../../../../arm-none-eabi/lib/thumb/v7e-m/fpv4-sp/hard/crt0.o (__libc_init_array)
/Applications/Ac6/SystemWorkbench.app/Contents/Eclipse/plugins/fr.ac6.mcu.externaltools.arm-none.macos64_1.17.0.201812190825/tools/compiler/bin/../lib/gcc/arm-none-eabi/7.3.1/../../../../arm-none-eabi/lib/thumb/v7e-m/fpv4-sp/hard/libc.a(lib_a-memset.o)
                              /Applications/Ac6/SystemWorkbench.app/Contents/Eclipse/plugins/fr.ac6.mcu.externaltools.arm-none.macos64_1.17.0.201812190825/tools/compiler/bin/../lib/gcc/arm-none-eabi/7.3.1/../../../../arm-none-eabi/lib/thumb/v7e-m/fpv4-sp/hard/crt0.o (memset)
/Applications/Ac6/SystemWorkbench.app/Contents/Eclipse/plugins/fr.ac6.mcu.externaltools.arm-none.macos64_1.17.0.201812190825/tools/compiler/bin/../lib/gcc/arm-none-eabi/7.3.1/../../../../arm-none-eabi/lib/thumb/v7e-m/fpv4-sp/hard/libc.a(lib_a-__call_atexit.o)
                              /Applications/Ac6/SystemWorkbench.app/Contents/Eclipse/plugins/fr.ac6.mcu.externaltools.arm-none.macos64_1.17.0.201812190825/tools/compiler/bin/../lib/gcc/arm-none-eabi/7.3.1/../../../../arm-none-eabi/lib/thumb/v7e-m/fpv4-sp/hard/libc.a(lib_a-exit.o) (__call_exitprocs)
/Applications/Ac6/SystemWorkbench.app/Contents/Eclipse/plugins/fr.ac6.mcu.externaltools.arm-none.macos64_1.17.0.201812190825/tools/compiler/bin/../lib/gcc/arm-none-eabi/7.3.1/../../../../arm-none-eabi/lib/thumb/v7e-m/fpv4-sp/hard/libc.a(lib_a-atexit.o)
                              /Applications/Ac6/SystemWorkbench.app/Contents/Eclipse/plugins/fr.ac6.mcu.externaltools.arm-none.macos64_1.17.0.201812190825/tools/compiler/bin/../lib/gcc/arm-none-eabi/7.3.1/../../../../arm-none-eabi/lib/thumb/v7e-m/fpv4-sp/hard/libc.a(lib_a-__call_atexit.o) (atexit)
/Applications/Ac6/SystemWorkbench.app/Contents/Eclipse/plugins/fr.ac6.mcu.externaltools.arm-none.macos64_1.17.0.201812190825/tools/compiler/bin/../lib/gcc/arm-none-eabi/7.3.1/../../../../arm-none-eabi/lib/thumb/v7e-m/fpv4-sp/hard/libc.a(lib_a-fini.o)
                              /Applications/Ac6/SystemWorkbench.app/Contents/Eclipse/plugins/fr.ac6.mcu.externaltools.arm-none.macos64_1.17.0.201812190825/tools/compiler/bin/../lib/gcc/arm-none-eabi/7.3.1/../../../../arm-none-eabi/lib/thumb/v7e-m/fpv4-sp/hard/libc.a(lib_a-__call_atexit.o) (__libc_fini_array)
/Applications/Ac6/SystemWorkbench.app/Contents/Eclipse/plugins/fr.ac6.mcu.externaltools.arm-none.macos64_1.17.0.201812190825/tools/compiler/bin/../lib/gcc/arm-none-eabi/7.3.1/../../../../arm-none-eabi/lib/thumb/v7e-m/fpv4-sp/hard/libc.a(lib_a-lock.o)
                              /Applications/Ac6/SystemWorkbench.app/Contents/Eclipse/plugins/fr.ac6.mcu.externaltools.arm-none.macos64_1.17.0.201812190825/tools/compiler/bin/../lib/gcc/arm-none-eabi/7.3.1/../../../../arm-none-eabi/lib/thumb/v7e-m/fpv4-sp/hard/libc.a(lib_a-__call_atexit.o) (__retarget_lock_acquire_recursive)
/Applications/Ac6/SystemWorkbench.app/Contents/Eclipse/plugins/fr.ac6.mcu.externaltools.arm-none.macos64_1.17.0.201812190825/tools/compiler/bin/../lib/gcc/arm-none-eabi/7.3.1/../../../../arm-none-eabi/lib/thumb/v7e-m/fpv4-sp/hard/libc.a(lib_a-__atexit.o)
                              /Applications/Ac6/SystemWorkbench.app/Contents/Eclipse/plugins/fr.ac6.mcu.externaltools.arm-none.macos64_1.17.0.201812190825/tools/compiler/bin/../lib/gcc/arm-none-eabi/7.3.1/../../../../arm-none-eabi/lib/thumb/v7e-m/fpv4-sp/hard/libc.a(lib_a-atexit.o) (__register_exitproc)

Allocating common symbols
Common symbol       size              file

__lock___atexit_recursive_mutex
                    0x1               /Applications/Ac6/SystemWorkbench.app/Contents/Eclipse/plugins/fr.ac6.mcu.externaltools.arm-none.macos64_1.17.0.201812190825/tools/compiler/bin/../lib/gcc/arm-none-eabi/7.3.1/../../../../arm-none-eabi/lib/thumb/v7e-m/fpv4-sp/hard/libc.a(lib_a-lock.o)
__lock___arc4random_mutex
                    0x1               /Applications/Ac6/SystemWorkbench.app/Contents/Eclipse/plugins/fr.ac6.mcu.externaltools.arm-none.macos64_1.17.0.201812190825/tools/compiler/bin/../lib/gcc/arm-none-eabi/7.3.1/../../../../arm-none-eabi/lib/thumb/v7e-m/fpv4-sp/hard/libc.a(lib_a-lock.o)
bit                 0x1               src/stm32f3xx_it.o
__lock___env_recursive_mutex
                    0x1               /Applications/Ac6/SystemWorkbench.app/Contents/Eclipse/plugins/fr.ac6.mcu.externaltools.arm-none.macos64_1.17.0.201812190825/tools/compiler/bin/../lib/gcc/arm-none-eabi/7.3.1/../../../../arm-none-eabi/lib/thumb/v7e-m/fpv4-sp/hard/libc.a(lib_a-lock.o)
__lock___sinit_recursive_mutex
                    0x1               /Applications/Ac6/SystemWorkbench.app/Contents/Eclipse/plugins/fr.ac6.mcu.externaltools.arm-none.macos64_1.17.0.201812190825/tools/compiler/bin/../lib/gcc/arm-none-eabi/7.3.1/../../../../arm-none-eabi/lib/thumb/v7e-m/fpv4-sp/hard/libc.a(lib_a-lock.o)
__lock___malloc_recursive_mutex
                    0x1               /Applications/Ac6/SystemWorkbench.app/Contents/Eclipse/plugins/fr.ac6.mcu.externaltools.arm-none.macos64_1.17.0.201812190825/tools/compiler/bin/../lib/gcc/arm-none-eabi/7.3.1/../../../../arm-none-eabi/lib/thumb/v7e-m/fpv4-sp/hard/libc.a(lib_a-lock.o)
__lock___at_quick_exit_mutex
                    0x1               /Applications/Ac6/SystemWorkbench.app/Contents/Eclipse/plugins/fr.ac6.mcu.externaltools.arm-none.macos64_1.17.0.201812190825/tools/compiler/bin/../lib/gcc/arm-none-eabi/7.3.1/../../../../arm-none-eabi/lib/thumb/v7e-m/fpv4-sp/hard/libc.a(lib_a-lock.o)
__lock___dd_hash_mutex
                    0x1               /Applications/Ac6/SystemWorkbench.app/Contents/Eclipse/plugins/fr.ac6.mcu.externaltools.arm-none.macos64_1.17.0.201812190825/tools/compiler/bin/../lib/gcc/arm-none-eabi/7.3.1/../../../../arm-none-eabi/lib/thumb/v7e-m/fpv4-sp/hard/libc.a(lib_a-lock.o)
__lock___tz_mutex   0x1               /Applications/Ac6/SystemWorkbench.app/Contents/Eclipse/plugins/fr.ac6.mcu.externaltools.arm-none.macos64_1.17.0.201812190825/tools/compiler/bin/../lib/gcc/arm-none-eabi/7.3.1/../../../../arm-none-eabi/lib/thumb/v7e-m/fpv4-sp/hard/libc.a(lib_a-lock.o)
__lock___sfp_recursive_mutex
                    0x1               /Applications/Ac6/SystemWorkbench.app/Contents/Eclipse/plugins/fr.ac6.mcu.externaltools.arm-none.macos64_1.17.0.201812190825/tools/compiler/bin/../lib/gcc/arm-none-eabi/7.3.1/../../../../arm-none-eabi/lib/thumb/v7e-m/fpv4-sp/hard/libc.a(lib_a-lock.o)

Discarded input sections

 .text          0x0000000000000000        0x0 /Applications/Ac6/SystemWorkbench.app/Contents/Eclipse/plugins/fr.ac6.mcu.externaltools.arm-none.macos64_1.17.0.201812190825/tools/compiler/bin/../lib/gcc/arm-none-eabi/7.3.1/thumb/v7e-m/fpv4-sp/hard/crti.o
 .data          0x0000000000000000        0x0 /Applications/Ac6/SystemWorkbench.app/Contents/Eclipse/plugins/fr.ac6.mcu.externaltools.arm-none.macos64_1.17.0.201812190825/tools/compiler/bin/../lib/gcc/arm-none-eabi/7.3.1/thumb/v7e-m/fpv4-sp/hard/crti.o
 .bss           0x0000000000000000        0x0 /Applications/Ac6/SystemWorkbench.app/Contents/Eclipse/plugins/fr.ac6.mcu.externaltools.arm-none.macos64_1.17.0.201812190825/tools/compiler/bin/../lib/gcc/arm-none-eabi/7.3.1/thumb/v7e-m/fpv4-sp/hard/crti.o
 .data          0x0000000000000000        0x4 /Applications/Ac6/SystemWorkbench.app/Contents/Eclipse/plugins/fr.ac6.mcu.externaltools.arm-none.macos64_1.17.0.201812190825/tools/compiler/bin/../lib/gcc/arm-none-eabi/7.3.1/thumb/v7e-m/fpv4-sp/hard/crtbegin.o
 .text          0x0000000000000000       0x74 /Applications/Ac6/SystemWorkbench.app/Contents/Eclipse/plugins/fr.ac6.mcu.externaltools.arm-none.macos64_1.17.0.201812190825/tools/compiler/bin/../lib/gcc/arm-none-eabi/7.3.1/../../../../arm-none-eabi/lib/thumb/v7e-m/fpv4-sp/hard/crt0.o
 .data          0x0000000000000000        0x0 /Applications/Ac6/SystemWorkbench.app/Contents/Eclipse/plugins/fr.ac6.mcu.externaltools.arm-none.macos64_1.17.0.201812190825/tools/compiler/bin/../lib/gcc/arm-none-eabi/7.3.1/../../../../arm-none-eabi/lib/thumb/v7e-m/fpv4-sp/hard/crt0.o
 .bss           0x0000000000000000        0x0 /Applications/Ac6/SystemWorkbench.app/Contents/Eclipse/plugins/fr.ac6.mcu.externaltools.arm-none.macos64_1.17.0.201812190825/tools/compiler/bin/../lib/gcc/arm-none-eabi/7.3.1/../../../../arm-none-eabi/lib/thumb/v7e-m/fpv4-sp/hard/crt0.o
 .ARM.extab     0x0000000000000000        0x0 /Applications/Ac6/SystemWorkbench.app/Contents/Eclipse/plugins/fr.ac6.mcu.externaltools.arm-none.macos64_1.17.0.201812190825/tools/compiler/bin/../lib/gcc/arm-none-eabi/7.3.1/../../../../arm-none-eabi/lib/thumb/v7e-m/fpv4-sp/hard/crt0.o
 .ARM.exidx     0x0000000000000000        0x8 /Applications/Ac6/SystemWorkbench.app/Contents/Eclipse/plugins/fr.ac6.mcu.externaltools.arm-none.macos64_1.17.0.201812190825/tools/compiler/bin/../lib/gcc/arm-none-eabi/7.3.1/../../../../arm-none-eabi/lib/thumb/v7e-m/fpv4-sp/hard/crt0.o
 .ARM.attributes
                0x0000000000000000       0x20 /Applications/Ac6/SystemWorkbench.app/Contents/Eclipse/plugins/fr.ac6.mcu.externaltools.arm-none.macos64_1.17.0.201812190825/tools/compiler/bin/../lib/gcc/arm-none-eabi/7.3.1/../../../../arm-none-eabi/lib/thumb/v7e-m/fpv4-sp/hard/crt0.o
 .group         0x0000000000000000        0xc src/gpio.o
 .group         0x0000000000000000        0xc src/gpio.o
 .group         0x0000000000000000        0xc src/gpio.o
 .group         0x0000000000000000        0xc src/gpio.o
 .group         0x0000000000000000        0xc src/gpio.o
 .group         0x0000000000000000        0xc src/gpio.o
 .group         0x0000000000000000        0xc src/gpio.o
 .group         0x0000000000000000        0xc src/gpio.o
 .group         0x0000000000000000        0xc src/gpio.o
 .group         0x0000000000000000        0xc src/gpio.o
 .group         0x0000000000000000        0xc src/gpio.o
 .group         0x0000000000000000        0xc src/gpio.o
 .group         0x0000000000000000        0xc src/gpio.o
 .group         0x0000000000000000        0xc src/gpio.o
 .text          0x0000000000000000        0x0 src/gpio.o
 .data          0x0000000000000000        0x0 src/gpio.o
 .bss           0x0000000000000000        0x0 src/gpio.o
 .text.GPIO_Config2
                0x0000000000000000        0xe src/gpio.o
 .group         0x0000000000000000        0xc src/main.o
 .group         0x0000000000000000        0xc src/main.o
 .group         0x0000000000000000        0xc src/main.o
 .group         0x0000000000000000        0xc src/main.o
 .group         0x0000000000000000        0xc src/main.o
 .group         0x0000000000000000        0xc src/main.o
 .group         0x0000000000000000        0xc src/main.o
 .group         0x0000000000000000        0xc src/main.o
 .group         0x0000000000000000        0xc src/main.o
 .group         0x0000000000000000        0xc src/main.o
 .group         0x0000000000000000        0xc src/main.o
 .group         0x0000000000000000        0xc src/main.o
 .group         0x0000000000000000        0xc src/main.o
 .group         0x0000000000000000        0xc src/main.o
 .text          0x0000000000000000        0x0 src/main.o
 .data          0x0000000000000000        0x0 src/main.o
 .bss           0x0000000000000000        0x0 src/main.o
 .debug_macro   0x0000000000000000      0xa72 src/main.o
 .debug_macro   0x0000000000000000       0x2b src/main.o
 .debug_macro   0x0000000000000000       0x28 src/main.o
 .debug_macro   0x0000000000000000       0x22 src/main.o
 .debug_macro   0x0000000000000000       0x8e src/main.o
 .debug_macro   0x0000000000000000       0x51 src/main.o
 .debug_macro   0x0000000000000000       0xef src/main.o
 .debug_macro   0x0000000000000000       0x6a src/main.o
 .debug_macro   0x0000000000000000      0x1df src/main.o
 .debug_macro   0x0000000000000000       0x35 src/main.o
 .debug_macro   0x0000000000000000       0x50 src/main.o
 .debug_macro   0x0000000000000000      0xe66 src/main.o
 .debug_macro   0x0000000000000000    0x1534c src/main.o
 .debug_macro   0x0000000000000000       0x43 src/main.o
 .group         0x0000000000000000        0xc src/rcc.o
 .group         0x0000000000000000        0xc src/rcc.o
 .group         0x0000000000000000        0xc src/rcc.o
 .group         0x0000000000000000        0xc src/rcc.o
 .group         0x0000000000000000        0xc src/rcc.o
 .group         0x0000000000000000        0xc src/rcc.o
 .group         0x0000000000000000        0xc src/rcc.o
 .group         0x0000000000000000        0xc src/rcc.o
 .group         0x0000000000000000        0xc src/rcc.o
 .group         0x0000000000000000        0xc src/rcc.o
 .group         0x0000000000000000        0xc src/rcc.o
 .group         0x0000000000000000        0xc src/rcc.o
 .group         0x0000000000000000        0xc src/rcc.o
 .group         0x0000000000000000        0xc src/rcc.o
 .text          0x0000000000000000        0x0 src/rcc.o
 .data          0x0000000000000000        0x0 src/rcc.o
 .bss           0x0000000000000000        0x0 src/rcc.o
 .debug_macro   0x0000000000000000      0xa72 src/rcc.o
 .debug_macro   0x0000000000000000       0x2b src/rcc.o
 .debug_macro   0x0000000000000000       0x28 src/rcc.o
 .debug_macro   0x0000000000000000       0x22 src/rcc.o
 .debug_macro   0x0000000000000000       0x8e src/rcc.o
 .debug_macro   0x0000000000000000       0x51 src/rcc.o
 .debug_macro   0x0000000000000000       0xef src/rcc.o
 .debug_macro   0x0000000000000000       0x6a src/rcc.o
 .debug_macro   0x0000000000000000      0x1df src/rcc.o
 .debug_macro   0x0000000000000000       0x35 src/rcc.o
 .debug_macro   0x0000000000000000       0x50 src/rcc.o
 .debug_macro   0x0000000000000000      0xe66 src/rcc.o
 .debug_macro   0x0000000000000000    0x1534c src/rcc.o
 .debug_macro   0x0000000000000000       0x43 src/rcc.o
 .group         0x0000000000000000        0xc src/stm32f3xx_it.o
 .group         0x0000000000000000        0xc src/stm32f3xx_it.o
 .group         0x0000000000000000        0xc src/stm32f3xx_it.o
 .group         0x0000000000000000        0xc src/stm32f3xx_it.o
 .group         0x0000000000000000        0xc src/stm32f3xx_it.o
 .group         0x0000000000000000        0xc src/stm32f3xx_it.o
 .group         0x0000000000000000        0xc src/stm32f3xx_it.o
 .group         0x0000000000000000        0xc src/stm32f3xx_it.o
 .group         0x0000000000000000        0xc src/stm32f3xx_it.o
 .group         0x0000000000000000        0xc src/stm32f3xx_it.o
 .group         0x0000000000000000        0xc src/stm32f3xx_it.o
 .group         0x0000000000000000        0xc src/stm32f3xx_it.o
 .group         0x0000000000000000        0xc src/stm32f3xx_it.o
 .group         0x0000000000000000        0xc src/stm32f3xx_it.o
 .text          0x0000000000000000        0x0 src/stm32f3xx_it.o
 .bss           0x0000000000000000        0x0 src/stm32f3xx_it.o
 .debug_macro   0x0000000000000000      0xa72 src/stm32f3xx_it.o
 .debug_macro   0x0000000000000000       0x2b src/stm32f3xx_it.o
 .debug_macro   0x0000000000000000       0x28 src/stm32f3xx_it.o
 .debug_macro   0x0000000000000000       0x22 src/stm32f3xx_it.o
 .debug_macro   0x0000000000000000       0x8e src/stm32f3xx_it.o
 .debug_macro   0x0000000000000000       0x51 src/stm32f3xx_it.o
 .debug_macro   0x0000000000000000       0xef src/stm32f3xx_it.o
 .debug_macro   0x0000000000000000       0x6a src/stm32f3xx_it.o
 .debug_macro   0x0000000000000000      0x1df src/stm32f3xx_it.o
 .debug_macro   0x0000000000000000       0x35 src/stm32f3xx_it.o
 .debug_macro   0x0000000000000000       0x50 src/stm32f3xx_it.o
 .debug_macro   0x0000000000000000      0xe66 src/stm32f3xx_it.o
 .debug_macro   0x0000000000000000    0x1534c src/stm32f3xx_it.o
 .debug_macro   0x0000000000000000       0x43 src/stm32f3xx_it.o
 COMMON         0x0000000000000000        0x1 src/stm32f3xx_it.o
 .group         0x0000000000000000        0xc src/system_stm32f3xx.o
 .group         0x0000000000000000        0xc src/system_stm32f3xx.o
 .group         0x0000000000000000        0xc src/system_stm32f3xx.o
 .group         0x0000000000000000        0xc src/system_stm32f3xx.o
 .group         0x0000000000000000        0xc src/system_stm32f3xx.o
 .group         0x0000000000000000        0xc src/system_stm32f3xx.o
 .group         0x0000000000000000        0xc src/system_stm32f3xx.o
 .group         0x0000000000000000        0xc src/system_stm32f3xx.o
 .group         0x0000000000000000        0xc src/system_stm32f3xx.o
 .group         0x0000000000000000        0xc src/system_stm32f3xx.o
 .group         0x0000000000000000        0xc src/system_stm32f3xx.o
 .group         0x0000000000000000        0xc src/system_stm32f3xx.o
 .group         0x0000000000000000        0xc src/system_stm32f3xx.o
 .group         0x0000000000000000        0xc src/system_stm32f3xx.o
 .text          0x0000000000000000        0x0 src/system_stm32f3xx.o
 .data          0x0000000000000000        0x4 src/system_stm32f3xx.o
 .bss           0x0000000000000000        0x0 src/system_stm32f3xx.o
 .rodata        0x0000000000000000       0x18 src/system_stm32f3xx.o
 .text.SystemCoreClockUpdate
                0x0000000000000000       0xd8 src/system_stm32f3xx.o
 .debug_macro   0x0000000000000000      0xa72 src/system_stm32f3xx.o
 .debug_macro   0x0000000000000000       0x2b src/system_stm32f3xx.o
 .debug_macro   0x0000000000000000       0x28 src/system_stm32f3xx.o
 .debug_macro   0x0000000000000000       0x22 src/system_stm32f3xx.o
 .debug_macro   0x0000000000000000       0x8e src/system_stm32f3xx.o
 .debug_macro   0x0000000000000000       0x51 src/system_stm32f3xx.o
 .debug_macro   0x0000000000000000       0xef src/system_stm32f3xx.o
 .debug_macro   0x0000000000000000       0x6a src/system_stm32f3xx.o
 .debug_macro   0x0000000000000000      0x1df src/system_stm32f3xx.o
 .debug_macro   0x0000000000000000       0x35 src/system_stm32f3xx.o
 .debug_macro   0x0000000000000000       0x50 src/system_stm32f3xx.o
 .debug_macro   0x0000000000000000      0xe66 src/system_stm32f3xx.o
 .debug_macro   0x0000000000000000    0x1534c src/system_stm32f3xx.o
 .debug_macro   0x0000000000000000       0x43 src/system_stm32f3xx.o
 .text          0x0000000000000000       0x14 startup/startup_stm32f303xe.o
 .data          0x0000000000000000        0x0 startup/startup_stm32f303xe.o
 .bss           0x0000000000000000        0x0 startup/startup_stm32f303xe.o
 .text          0x0000000000000000        0x0 /Applications/Ac6/SystemWorkbench.app/Contents/Eclipse/plugins/fr.ac6.mcu.externaltools.arm-none.macos64_1.17.0.201812190825/tools/compiler/bin/../lib/gcc/arm-none-eabi/7.3.1/../../../../arm-none-eabi/lib/thumb/v7e-m/fpv4-sp/hard/libc.a(lib_a-exit.o)
 .data          0x0000000000000000        0x0 /Applications/Ac6/SystemWorkbench.app/Contents/Eclipse/plugins/fr.ac6.mcu.externaltools.arm-none.macos64_1.17.0.201812190825/tools/compiler/bin/../lib/gcc/arm-none-eabi/7.3.1/../../../../arm-none-eabi/lib/thumb/v7e-m/fpv4-sp/hard/libc.a(lib_a-exit.o)
 .bss           0x0000000000000000        0x0 /Applications/Ac6/SystemWorkbench.app/Contents/Eclipse/plugins/fr.ac6.mcu.externaltools.arm-none.macos64_1.17.0.201812190825/tools/compiler/bin/../lib/gcc/arm-none-eabi/7.3.1/../../../../arm-none-eabi/lib/thumb/v7e-m/fpv4-sp/hard/libc.a(lib_a-exit.o)
 .text.exit     0x0000000000000000       0x20 /Applications/Ac6/SystemWorkbench.app/Contents/Eclipse/plugins/fr.ac6.mcu.externaltools.arm-none.macos64_1.17.0.201812190825/tools/compiler/bin/../lib/gcc/arm-none-eabi/7.3.1/../../../../arm-none-eabi/lib/thumb/v7e-m/fpv4-sp/hard/libc.a(lib_a-exit.o)
 .debug_frame   0x0000000000000000       0x28 /Applications/Ac6/SystemWorkbench.app/Contents/Eclipse/plugins/fr.ac6.mcu.externaltools.arm-none.macos64_1.17.0.201812190825/tools/compiler/bin/../lib/gcc/arm-none-eabi/7.3.1/../../../../arm-none-eabi/lib/thumb/v7e-m/fpv4-sp/hard/libc.a(lib_a-exit.o)
 .ARM.attributes
                0x0000000000000000       0x34 /Applications/Ac6/SystemWorkbench.app/Contents/Eclipse/plugins/fr.ac6.mcu.externaltools.arm-none.macos64_1.17.0.201812190825/tools/compiler/bin/../lib/gcc/arm-none-eabi/7.3.1/../../../../arm-none-eabi/lib/thumb/v7e-m/fpv4-sp/hard/libc.a(lib_a-exit.o)
 .text          0x0000000000000000        0x0 /Applications/Ac6/SystemWorkbench.app/Contents/Eclipse/plugins/fr.ac6.mcu.externaltools.arm-none.macos64_1.17.0.201812190825/tools/compiler/bin/../lib/gcc/arm-none-eabi/7.3.1/../../../../arm-none-eabi/lib/thumb/v7e-m/fpv4-sp/hard/libc.a(lib_a-impure.o)
 .data          0x0000000000000000        0x0 /Applications/Ac6/SystemWorkbench.app/Contents/Eclipse/plugins/fr.ac6.mcu.externaltools.arm-none.macos64_1.17.0.201812190825/tools/compiler/bin/../lib/gcc/arm-none-eabi/7.3.1/../../../../arm-none-eabi/lib/thumb/v7e-m/fpv4-sp/hard/libc.a(lib_a-impure.o)
 .bss           0x0000000000000000        0x0 /Applications/Ac6/SystemWorkbench.app/Contents/Eclipse/plugins/fr.ac6.mcu.externaltools.arm-none.macos64_1.17.0.201812190825/tools/compiler/bin/../lib/gcc/arm-none-eabi/7.3.1/../../../../arm-none-eabi/lib/thumb/v7e-m/fpv4-sp/hard/libc.a(lib_a-impure.o)
 .data._impure_ptr
                0x0000000000000000        0x4 /Applications/Ac6/SystemWorkbench.app/Contents/Eclipse/plugins/fr.ac6.mcu.externaltools.arm-none.macos64_1.17.0.201812190825/tools/compiler/bin/../lib/gcc/arm-none-eabi/7.3.1/../../../../arm-none-eabi/lib/thumb/v7e-m/fpv4-sp/hard/libc.a(lib_a-impure.o)
 .text          0x0000000000000000        0x0 /Applications/Ac6/SystemWorkbench.app/Contents/Eclipse/plugins/fr.ac6.mcu.externaltools.arm-none.macos64_1.17.0.201812190825/tools/compiler/bin/../lib/gcc/arm-none-eabi/7.3.1/../../../../arm-none-eabi/lib/thumb/v7e-m/fpv4-sp/hard/libc.a(lib_a-init.o)
 .data          0x0000000000000000        0x0 /Applications/Ac6/SystemWorkbench.app/Contents/Eclipse/plugins/fr.ac6.mcu.externaltools.arm-none.macos64_1.17.0.201812190825/tools/compiler/bin/../lib/gcc/arm-none-eabi/7.3.1/../../../../arm-none-eabi/lib/thumb/v7e-m/fpv4-sp/hard/libc.a(lib_a-init.o)
 .bss           0x0000000000000000        0x0 /Applications/Ac6/SystemWorkbench.app/Contents/Eclipse/plugins/fr.ac6.mcu.externaltools.arm-none.macos64_1.17.0.201812190825/tools/compiler/bin/../lib/gcc/arm-none-eabi/7.3.1/../../../../arm-none-eabi/lib/thumb/v7e-m/fpv4-sp/hard/libc.a(lib_a-init.o)
 .text          0x0000000000000000        0x0 /Applications/Ac6/SystemWorkbench.app/Contents/Eclipse/plugins/fr.ac6.mcu.externaltools.arm-none.macos64_1.17.0.201812190825/tools/compiler/bin/../lib/gcc/arm-none-eabi/7.3.1/../../../../arm-none-eabi/lib/thumb/v7e-m/fpv4-sp/hard/libc.a(lib_a-memset.o)
 .data          0x0000000000000000        0x0 /Applications/Ac6/SystemWorkbench.app/Contents/Eclipse/plugins/fr.ac6.mcu.externaltools.arm-none.macos64_1.17.0.201812190825/tools/compiler/bin/../lib/gcc/arm-none-eabi/7.3.1/../../../../arm-none-eabi/lib/thumb/v7e-m/fpv4-sp/hard/libc.a(lib_a-memset.o)
 .bss           0x0000000000000000        0x0 /Applications/Ac6/SystemWorkbench.app/Contents/Eclipse/plugins/fr.ac6.mcu.externaltools.arm-none.macos64_1.17.0.201812190825/tools/compiler/bin/../lib/gcc/arm-none-eabi/7.3.1/../../../../arm-none-eabi/lib/thumb/v7e-m/fpv4-sp/hard/libc.a(lib_a-memset.o)
 .text.memset   0x0000000000000000       0x94 /Applications/Ac6/SystemWorkbench.app/Contents/Eclipse/plugins/fr.ac6.mcu.externaltools.arm-none.macos64_1.17.0.201812190825/tools/compiler/bin/../lib/gcc/arm-none-eabi/7.3.1/../../../../arm-none-eabi/lib/thumb/v7e-m/fpv4-sp/hard/libc.a(lib_a-memset.o)
 .debug_frame   0x0000000000000000       0x38 /Applications/Ac6/SystemWorkbench.app/Contents/Eclipse/plugins/fr.ac6.mcu.externaltools.arm-none.macos64_1.17.0.201812190825/tools/compiler/bin/../lib/gcc/arm-none-eabi/7.3.1/../../../../arm-none-eabi/lib/thumb/v7e-m/fpv4-sp/hard/libc.a(lib_a-memset.o)
 .ARM.attributes
                0x0000000000000000       0x34 /Applications/Ac6/SystemWorkbench.app/Contents/Eclipse/plugins/fr.ac6.mcu.externaltools.arm-none.macos64_1.17.0.201812190825/tools/compiler/bin/../lib/gcc/arm-none-eabi/7.3.1/../../../../arm-none-eabi/lib/thumb/v7e-m/fpv4-sp/hard/libc.a(lib_a-memset.o)
 .text          0x0000000000000000        0x0 /Applications/Ac6/SystemWorkbench.app/Contents/Eclipse/plugins/fr.ac6.mcu.externaltools.arm-none.macos64_1.17.0.201812190825/tools/compiler/bin/../lib/gcc/arm-none-eabi/7.3.1/../../../../arm-none-eabi/lib/thumb/v7e-m/fpv4-sp/hard/libc.a(lib_a-__call_atexit.o)
 .data          0x0000000000000000        0x0 /Applications/Ac6/SystemWorkbench.app/Contents/Eclipse/plugins/fr.ac6.mcu.externaltools.arm-none.macos64_1.17.0.201812190825/tools/compiler/bin/../lib/gcc/arm-none-eabi/7.3.1/../../../../arm-none-eabi/lib/thumb/v7e-m/fpv4-sp/hard/libc.a(lib_a-__call_atexit.o)
 .bss           0x0000000000000000        0x0 /Applications/Ac6/SystemWorkbench.app/Contents/Eclipse/plugins/fr.ac6.mcu.externaltools.arm-none.macos64_1.17.0.201812190825/tools/compiler/bin/../lib/gcc/arm-none-eabi/7.3.1/../../../../arm-none-eabi/lib/thumb/v7e-m/fpv4-sp/hard/libc.a(lib_a-__call_atexit.o)
 .text.__call_exitprocs
                0x0000000000000000       0xe8 /Applications/Ac6/SystemWorkbench.app/Contents/Eclipse/plugins/fr.ac6.mcu.externaltools.arm-none.macos64_1.17.0.201812190825/tools/compiler/bin/../lib/gcc/arm-none-eabi/7.3.1/../../../../arm-none-eabi/lib/thumb/v7e-m/fpv4-sp/hard/libc.a(lib_a-__call_atexit.o)
 .text          0x0000000000000000        0x0 /Applications/Ac6/SystemWorkbench.app/Contents/Eclipse/plugins/fr.ac6.mcu.externaltools.arm-none.macos64_1.17.0.201812190825/tools/compiler/bin/../lib/gcc/arm-none-eabi/7.3.1/../../../../arm-none-eabi/lib/thumb/v7e-m/fpv4-sp/hard/libc.a(lib_a-atexit.o)
 .data          0x0000000000000000        0x0 /Applications/Ac6/SystemWorkbench.app/Contents/Eclipse/plugins/fr.ac6.mcu.externaltools.arm-none.macos64_1.17.0.201812190825/tools/compiler/bin/../lib/gcc/arm-none-eabi/7.3.1/../../../../arm-none-eabi/lib/thumb/v7e-m/fpv4-sp/hard/libc.a(lib_a-atexit.o)
 .bss           0x0000000000000000        0x0 /Applications/Ac6/SystemWorkbench.app/Contents/Eclipse/plugins/fr.ac6.mcu.externaltools.arm-none.macos64_1.17.0.201812190825/tools/compiler/bin/../lib/gcc/arm-none-eabi/7.3.1/../../../../arm-none-eabi/lib/thumb/v7e-m/fpv4-sp/hard/libc.a(lib_a-atexit.o)
 .text          0x0000000000000000        0x0 /Applications/Ac6/SystemWorkbench.app/Contents/Eclipse/plugins/fr.ac6.mcu.externaltools.arm-none.macos64_1.17.0.201812190825/tools/compiler/bin/../lib/gcc/arm-none-eabi/7.3.1/../../../../arm-none-eabi/lib/thumb/v7e-m/fpv4-sp/hard/libc.a(lib_a-fini.o)
 .data          0x0000000000000000        0x0 /Applications/Ac6/SystemWorkbench.app/Contents/Eclipse/plugins/fr.ac6.mcu.externaltools.arm-none.macos64_1.17.0.201812190825/tools/compiler/bin/../lib/gcc/arm-none-eabi/7.3.1/../../../../arm-none-eabi/lib/thumb/v7e-m/fpv4-sp/hard/libc.a(lib_a-fini.o)
 .bss           0x0000000000000000        0x0 /Applications/Ac6/SystemWorkbench.app/Contents/Eclipse/plugins/fr.ac6.mcu.externaltools.arm-none.macos64_1.17.0.201812190825/tools/compiler/bin/../lib/gcc/arm-none-eabi/7.3.1/../../../../arm-none-eabi/lib/thumb/v7e-m/fpv4-sp/hard/libc.a(lib_a-fini.o)
 .text          0x0000000000000000        0x0 /Applications/Ac6/SystemWorkbench.app/Contents/Eclipse/plugins/fr.ac6.mcu.externaltools.arm-none.macos64_1.17.0.201812190825/tools/compiler/bin/../lib/gcc/arm-none-eabi/7.3.1/../../../../arm-none-eabi/lib/thumb/v7e-m/fpv4-sp/hard/libc.a(lib_a-lock.o)
 .data          0x0000000000000000        0x0 /Applications/Ac6/SystemWorkbench.app/Contents/Eclipse/plugins/fr.ac6.mcu.externaltools.arm-none.macos64_1.17.0.201812190825/tools/compiler/bin/../lib/gcc/arm-none-eabi/7.3.1/../../../../arm-none-eabi/lib/thumb/v7e-m/fpv4-sp/hard/libc.a(lib_a-lock.o)
 .bss           0x0000000000000000        0x0 /Applications/Ac6/SystemWorkbench.app/Contents/Eclipse/plugins/fr.ac6.mcu.externaltools.arm-none.macos64_1.17.0.201812190825/tools/compiler/bin/../lib/gcc/arm-none-eabi/7.3.1/../../../../arm-none-eabi/lib/thumb/v7e-m/fpv4-sp/hard/libc.a(lib_a-lock.o)
 .text.__retarget_lock_init
                0x0000000000000000        0x4 /Applications/Ac6/SystemWorkbench.app/Contents/Eclipse/plugins/fr.ac6.mcu.externaltools.arm-none.macos64_1.17.0.201812190825/tools/compiler/bin/../lib/gcc/arm-none-eabi/7.3.1/../../../../arm-none-eabi/lib/thumb/v7e-m/fpv4-sp/hard/libc.a(lib_a-lock.o)
 .text.__retarget_lock_init_recursive
                0x0000000000000000        0x4 /Applications/Ac6/SystemWorkbench.app/Contents/Eclipse/plugins/fr.ac6.mcu.externaltools.arm-none.macos64_1.17.0.201812190825/tools/compiler/bin/../lib/gcc/arm-none-eabi/7.3.1/../../../../arm-none-eabi/lib/thumb/v7e-m/fpv4-sp/hard/libc.a(lib_a-lock.o)
 .text.__retarget_lock_close
                0x0000000000000000        0x4 /Applications/Ac6/SystemWorkbench.app/Contents/Eclipse/plugins/fr.ac6.mcu.externaltools.arm-none.macos64_1.17.0.201812190825/tools/compiler/bin/../lib/gcc/arm-none-eabi/7.3.1/../../../../arm-none-eabi/lib/thumb/v7e-m/fpv4-sp/hard/libc.a(lib_a-lock.o)
 .text.__retarget_lock_close_recursive
                0x0000000000000000        0x4 /Applications/Ac6/SystemWorkbench.app/Contents/Eclipse/plugins/fr.ac6.mcu.externaltools.arm-none.macos64_1.17.0.201812190825/tools/compiler/bin/../lib/gcc/arm-none-eabi/7.3.1/../../../../arm-none-eabi/lib/thumb/v7e-m/fpv4-sp/hard/libc.a(lib_a-lock.o)
 .text.__retarget_lock_acquire
                0x0000000000000000        0x4 /Applications/Ac6/SystemWorkbench.app/Contents/Eclipse/plugins/fr.ac6.mcu.externaltools.arm-none.macos64_1.17.0.201812190825/tools/compiler/bin/../lib/gcc/arm-none-eabi/7.3.1/../../../../arm-none-eabi/lib/thumb/v7e-m/fpv4-sp/hard/libc.a(lib_a-lock.o)
 .text.__retarget_lock_try_acquire
                0x0000000000000000        0x4 /Applications/Ac6/SystemWorkbench.app/Contents/Eclipse/plugins/fr.ac6.mcu.externaltools.arm-none.macos64_1.17.0.201812190825/tools/compiler/bin/../lib/gcc/arm-none-eabi/7.3.1/../../../../arm-none-eabi/lib/thumb/v7e-m/fpv4-sp/hard/libc.a(lib_a-lock.o)
 .text.__retarget_lock_try_acquire_recursive
                0x0000000000000000        0x4 /Applications/Ac6/SystemWorkbench.app/Contents/Eclipse/plugins/fr.ac6.mcu.externaltools.arm-none.macos64_1.17.0.201812190825/tools/compiler/bin/../lib/gcc/arm-none-eabi/7.3.1/../../../../arm-none-eabi/lib/thumb/v7e-m/fpv4-sp/hard/libc.a(lib_a-lock.o)
 .text.__retarget_lock_release
                0x0000000000000000        0x4 /Applications/Ac6/SystemWorkbench.app/Contents/Eclipse/plugins/fr.ac6.mcu.externaltools.arm-none.macos64_1.17.0.201812190825/tools/compiler/bin/../lib/gcc/arm-none-eabi/7.3.1/../../../../arm-none-eabi/lib/thumb/v7e-m/fpv4-sp/hard/libc.a(lib_a-lock.o)
 .text          0x0000000000000000        0x0 /Applications/Ac6/SystemWorkbench.app/Contents/Eclipse/plugins/fr.ac6.mcu.externaltools.arm-none.macos64_1.17.0.201812190825/tools/compiler/bin/../lib/gcc/arm-none-eabi/7.3.1/../../../../arm-none-eabi/lib/thumb/v7e-m/fpv4-sp/hard/libc.a(lib_a-__atexit.o)
 .data          0x0000000000000000        0x0 /Applications/Ac6/SystemWorkbench.app/Contents/Eclipse/plugins/fr.ac6.mcu.externaltools.arm-none.macos64_1.17.0.201812190825/tools/compiler/bin/../lib/gcc/arm-none-eabi/7.3.1/../../../../arm-none-eabi/lib/thumb/v7e-m/fpv4-sp/hard/libc.a(lib_a-__atexit.o)
 .bss           0x0000000000000000        0x0 /Applications/Ac6/SystemWorkbench.app/Contents/Eclipse/plugins/fr.ac6.mcu.externaltools.arm-none.macos64_1.17.0.201812190825/tools/compiler/bin/../lib/gcc/arm-none-eabi/7.3.1/../../../../arm-none-eabi/lib/thumb/v7e-m/fpv4-sp/hard/libc.a(lib_a-__atexit.o)
 .text          0x0000000000000000        0x0 /Applications/Ac6/SystemWorkbench.app/Contents/Eclipse/plugins/fr.ac6.mcu.externaltools.arm-none.macos64_1.17.0.201812190825/tools/compiler/bin/../lib/gcc/arm-none-eabi/7.3.1/thumb/v7e-m/fpv4-sp/hard/crtend.o
 .data          0x0000000000000000        0x0 /Applications/Ac6/SystemWorkbench.app/Contents/Eclipse/plugins/fr.ac6.mcu.externaltools.arm-none.macos64_1.17.0.201812190825/tools/compiler/bin/../lib/gcc/arm-none-eabi/7.3.1/thumb/v7e-m/fpv4-sp/hard/crtend.o
 .bss           0x0000000000000000        0x0 /Applications/Ac6/SystemWorkbench.app/Contents/Eclipse/plugins/fr.ac6.mcu.externaltools.arm-none.macos64_1.17.0.201812190825/tools/compiler/bin/../lib/gcc/arm-none-eabi/7.3.1/thumb/v7e-m/fpv4-sp/hard/crtend.o
 .eh_frame      0x0000000000000000        0x4 /Applications/Ac6/SystemWorkbench.app/Contents/Eclipse/plugins/fr.ac6.mcu.externaltools.arm-none.macos64_1.17.0.201812190825/tools/compiler/bin/../lib/gcc/arm-none-eabi/7.3.1/thumb/v7e-m/fpv4-sp/hard/crtend.o
 .ARM.attributes
                0x0000000000000000       0x34 /Applications/Ac6/SystemWorkbench.app/Contents/Eclipse/plugins/fr.ac6.mcu.externaltools.arm-none.macos64_1.17.0.201812190825/tools/compiler/bin/../lib/gcc/arm-none-eabi/7.3.1/thumb/v7e-m/fpv4-sp/hard/crtend.o
 .text          0x0000000000000000        0x0 /Applications/Ac6/SystemWorkbench.app/Contents/Eclipse/plugins/fr.ac6.mcu.externaltools.arm-none.macos64_1.17.0.201812190825/tools/compiler/bin/../lib/gcc/arm-none-eabi/7.3.1/thumb/v7e-m/fpv4-sp/hard/crtn.o
 .data          0x0000000000000000        0x0 /Applications/Ac6/SystemWorkbench.app/Contents/Eclipse/plugins/fr.ac6.mcu.externaltools.arm-none.macos64_1.17.0.201812190825/tools/compiler/bin/../lib/gcc/arm-none-eabi/7.3.1/thumb/v7e-m/fpv4-sp/hard/crtn.o
 .bss           0x0000000000000000        0x0 /Applications/Ac6/SystemWorkbench.app/Contents/Eclipse/plugins/fr.ac6.mcu.externaltools.arm-none.macos64_1.17.0.201812190825/tools/compiler/bin/../lib/gcc/arm-none-eabi/7.3.1/thumb/v7e-m/fpv4-sp/hard/crtn.o

Memory Configuration

Name             Origin             Length             Attributes
FLASH            0x0000000008000000 0x0000000000080000 xr
RAM              0x0000000020000000 0x0000000000010000 xrw
CCMRAM           0x0000000010000000 0x0000000000004000 rw
*default*        0x0000000000000000 0xffffffffffffffff

Linker script and memory map

LOAD /Applications/Ac6/SystemWorkbench.app/Contents/Eclipse/plugins/fr.ac6.mcu.externaltools.arm-none.macos64_1.17.0.201812190825/tools/compiler/bin/../lib/gcc/arm-none-eabi/7.3.1/thumb/v7e-m/fpv4-sp/hard/crti.o
LOAD /Applications/Ac6/SystemWorkbench.app/Contents/Eclipse/plugins/fr.ac6.mcu.externaltools.arm-none.macos64_1.17.0.201812190825/tools/compiler/bin/../lib/gcc/arm-none-eabi/7.3.1/thumb/v7e-m/fpv4-sp/hard/crtbegin.o
LOAD /Applications/Ac6/SystemWorkbench.app/Contents/Eclipse/plugins/fr.ac6.mcu.externaltools.arm-none.macos64_1.17.0.201812190825/tools/compiler/bin/../lib/gcc/arm-none-eabi/7.3.1/../../../../arm-none-eabi/lib/thumb/v7e-m/fpv4-sp/hard/crt0.o
LOAD src/gpio.o
LOAD src/main.o
LOAD src/rcc.o
LOAD src/stm32f3xx_it.o
LOAD src/system_stm32f3xx.o
LOAD startup/startup_stm32f303xe.o
LOAD /Applications/Ac6/SystemWorkbench.app/Contents/Eclipse/plugins/fr.ac6.mcu.externaltools.arm-none.macos64_1.17.0.201812190825/tools/compiler/bin/../lib/gcc/arm-none-eabi/7.3.1/../../../../arm-none-eabi/lib/thumb/v7e-m/fpv4-sp/hard/libm.a
START GROUP
LOAD /Applications/Ac6/SystemWorkbench.app/Contents/Eclipse/plugins/fr.ac6.mcu.externaltools.arm-none.macos64_1.17.0.201812190825/tools/compiler/bin/../lib/gcc/arm-none-eabi/7.3.1/thumb/v7e-m/fpv4-sp/hard/libgcc.a
LOAD /Applications/Ac6/SystemWorkbench.app/Contents/Eclipse/plugins/fr.ac6.mcu.externaltools.arm-none.macos64_1.17.0.201812190825/tools/compiler/bin/../lib/gcc/arm-none-eabi/7.3.1/../../../../arm-none-eabi/lib/thumb/v7e-m/fpv4-sp/hard/libc.a
END GROUP
LOAD /Applications/Ac6/SystemWorkbench.app/Contents/Eclipse/plugins/fr.ac6.mcu.externaltools.arm-none.macos64_1.17.0.201812190825/tools/compiler/bin/../lib/gcc/arm-none-eabi/7.3.1/thumb/v7e-m/fpv4-sp/hard/crtend.o
LOAD /Applications/Ac6/SystemWorkbench.app/Contents/Eclipse/plugins/fr.ac6.mcu.externaltools.arm-none.macos64_1.17.0.201812190825/tools/compiler/bin/../lib/gcc/arm-none-eabi/7.3.1/thumb/v7e-m/fpv4-sp/hard/crtn.o
                0x0000000020010000                _estack = 0x20010000
                0x0000000000000200                _Min_Heap_Size = 0x200
                0x0000000000000400                _Min_Stack_Size = 0x400

.isr_vector     0x0000000008000000      0x194
                0x0000000008000000                . = ALIGN (0x4)
 *(.isr_vector)
 .isr_vector    0x0000000008000000      0x194 startup/startup_stm32f303xe.o
                0x0000000008000000                g_pfnVectors
                0x0000000008000194                . = ALIGN (0x4)

.text           0x0000000008000194      0x538
                0x0000000008000194                . = ALIGN (0x4)
 *(.text)
 .text          0x0000000008000194       0x40 /Applications/Ac6/SystemWorkbench.app/Contents/Eclipse/plugins/fr.ac6.mcu.externaltools.arm-none.macos64_1.17.0.201812190825/tools/compiler/bin/../lib/gcc/arm-none-eabi/7.3.1/thumb/v7e-m/fpv4-sp/hard/crtbegin.o
 *(.text*)
 .text.GPIO_Config
                0x00000000080001d4       0xf4 src/gpio.o
                0x00000000080001d4                GPIO_Config
 .text.NVIC_SetPriority
                0x00000000080002c8       0x54 src/main.o
 .text.SysTick_Config
                0x000000000800031c       0x44 src/main.o
 .text.main     0x0000000008000360       0x1a src/main.o
                0x0000000008000360                main
 *fill*         0x000000000800037a        0x2 
 .text.RCCConfig
                0x000000000800037c       0x74 src/rcc.o
                0x000000000800037c                RCCConfig
 .text.SysTick_Handler
                0x00000000080003f0       0x78 src/stm32f3xx_it.o
                0x00000000080003f0                SysTick_Handler
 .text.SystemInit
                0x0000000008000468       0x94 src/system_stm32f3xx.o
                0x0000000008000468                SystemInit
 .text.Reset_Handler
                0x00000000080004fc       0x50 startup/startup_stm32f303xe.o
                0x00000000080004fc                Reset_Handler
 .text.Default_Handler
                0x000000000800054c        0x2 startup/startup_stm32f303xe.o
                0x000000000800054c                TIM1_BRK_TIM15_IRQHandler
                0x000000000800054c                TIM8_TRG_COM_IRQHandler
                0x000000000800054c                TIM8_CC_IRQHandler
                0x000000000800054c                DebugMon_Handler
                0x000000000800054c                SPI4_IRQHandler
                0x000000000800054c                TIM1_CC_IRQHandler
                0x000000000800054c                HardFault_Handler
                0x000000000800054c                USB_HP_IRQHandler
                0x000000000800054c                PVD_IRQHandler
                0x000000000800054c                TAMP_STAMP_IRQHandler
                0x000000000800054c                PendSV_Handler
                0x000000000800054c                NMI_Handler
                0x000000000800054c                EXTI3_IRQHandler
                0x000000000800054c                I2C3_ER_IRQHandler
                0x000000000800054c                USB_HP_CAN_TX_IRQHandler
                0x000000000800054c                EXTI0_IRQHandler
                0x000000000800054c                I2C2_EV_IRQHandler
                0x000000000800054c                FPU_IRQHandler
                0x000000000800054c                TIM1_UP_TIM16_IRQHandler
                0x000000000800054c                UsageFault_Handler
                0x000000000800054c                ADC1_2_IRQHandler
                0x000000000800054c                SPI1_IRQHandler
                0x000000000800054c                CAN_SCE_IRQHandler
                0x000000000800054c                TIM6_DAC_IRQHandler
                0x000000000800054c                TIM8_UP_IRQHandler
                0x000000000800054c                DMA2_Channel2_IRQHandler
                0x000000000800054c                DMA1_Channel4_IRQHandler
                0x000000000800054c                TIM20_TRG_COM_IRQHandler
                0x000000000800054c                USART3_IRQHandler
                0x000000000800054c                DMA1_Channel7_IRQHandler
                0x000000000800054c                UART5_IRQHandler
                0x000000000800054c                ADC3_IRQHandler
                0x000000000800054c                TIM4_IRQHandler
                0x000000000800054c                CAN_RX1_IRQHandler
                0x000000000800054c                DMA2_Channel1_IRQHandler
                0x000000000800054c                I2C1_EV_IRQHandler
                0x000000000800054c                DMA1_Channel6_IRQHandler
                0x000000000800054c                UART4_IRQHandler
                0x000000000800054c                DMA2_Channel4_IRQHandler
                0x000000000800054c                TIM3_IRQHandler
                0x000000000800054c                RCC_IRQHandler
                0x000000000800054c                TIM20_UP_IRQHandler
                0x000000000800054c                DMA1_Channel1_IRQHandler
                0x000000000800054c                Default_Handler
                0x000000000800054c                USBWakeUp_RMP_IRQHandler
                0x000000000800054c                EXTI15_10_IRQHandler
                0x000000000800054c                TIM7_IRQHandler
                0x000000000800054c                I2C3_EV_IRQHandler
                0x000000000800054c                EXTI9_5_IRQHandler
                0x000000000800054c                RTC_WKUP_IRQHandler
                0x000000000800054c                SPI2_IRQHandler
                0x000000000800054c                USB_LP_CAN_RX0_IRQHandler
                0x000000000800054c                MemManage_Handler
                0x000000000800054c                SVC_Handler
                0x000000000800054c                DMA2_Channel5_IRQHandler
                0x000000000800054c                DMA1_Channel5_IRQHandler
                0x000000000800054c                USB_LP_IRQHandler
                0x000000000800054c                EXTI4_IRQHandler
                0x000000000800054c                TIM1_TRG_COM_TIM17_IRQHandler
                0x000000000800054c                DMA1_Channel3_IRQHandler
                0x000000000800054c                ADC4_IRQHandler
                0x000000000800054c                WWDG_IRQHandler
                0x000000000800054c                TIM2_IRQHandler
                0x000000000800054c                COMP7_IRQHandler
                0x000000000800054c                COMP1_2_3_IRQHandler
                0x000000000800054c                EXTI1_IRQHandler
                0x000000000800054c                USART2_IRQHandler
                0x000000000800054c                COMP4_5_6_IRQHandler
                0x000000000800054c                TIM20_BRK_IRQHandler
                0x000000000800054c                I2C2_ER_IRQHandler
                0x000000000800054c                DMA1_Channel2_IRQHandler
                0x000000000800054c                TIM8_BRK_IRQHandler
                0x000000000800054c                FLASH_IRQHandler
                0x000000000800054c                TIM20_CC_IRQHandler
                0x000000000800054c                BusFault_Handler
                0x000000000800054c                USART1_IRQHandler
                0x000000000800054c                SPI3_IRQHandler
                0x000000000800054c                I2C1_ER_IRQHandler
                0x000000000800054c                FMC_IRQHandler
                0x000000000800054c                USBWakeUp_IRQHandler
                0x000000000800054c                DMA2_Channel3_IRQHandler
                0x000000000800054c                EXTI2_TSC_IRQHandler
                0x000000000800054c                RTC_Alarm_IRQHandler
 *fill*         0x000000000800054e        0x2 
 .text.__libc_init_array
                0x0000000008000550       0x48 /Applications/Ac6/SystemWorkbench.app/Contents/Eclipse/plugins/fr.ac6.mcu.externaltools.arm-none.macos64_1.17.0.201812190825/tools/compiler/bin/../lib/gcc/arm-none-eabi/7.3.1/../../../../arm-none-eabi/lib/thumb/v7e-m/fpv4-sp/hard/libc.a(lib_a-init.o)
                0x0000000008000550                __libc_init_array
 .text.startup.register_fini
                0x0000000008000598       0x14 /Applications/Ac6/SystemWorkbench.app/Contents/Eclipse/plugins/fr.ac6.mcu.externaltools.arm-none.macos64_1.17.0.201812190825/tools/compiler/bin/../lib/gcc/arm-none-eabi/7.3.1/../../../../arm-none-eabi/lib/thumb/v7e-m/fpv4-sp/hard/libc.a(lib_a-__call_atexit.o)
 .text.atexit   0x00000000080005ac        0xc /Applications/Ac6/SystemWorkbench.app/Contents/Eclipse/plugins/fr.ac6.mcu.externaltools.arm-none.macos64_1.17.0.201812190825/tools/compiler/bin/../lib/gcc/arm-none-eabi/7.3.1/../../../../arm-none-eabi/lib/thumb/v7e-m/fpv4-sp/hard/libc.a(lib_a-atexit.o)
                0x00000000080005ac                atexit
 .text.__libc_fini_array
                0x00000000080005b8       0x34 /Applications/Ac6/SystemWorkbench.app/Contents/Eclipse/plugins/fr.ac6.mcu.externaltools.arm-none.macos64_1.17.0.201812190825/tools/compiler/bin/../lib/gcc/arm-none-eabi/7.3.1/../../../../arm-none-eabi/lib/thumb/v7e-m/fpv4-sp/hard/libc.a(lib_a-fini.o)
                0x00000000080005b8                __libc_fini_array
 .text.__retarget_lock_acquire_recursive
                0x00000000080005ec        0x4 /Applications/Ac6/SystemWorkbench.app/Contents/Eclipse/plugins/fr.ac6.mcu.externaltools.arm-none.macos64_1.17.0.201812190825/tools/compiler/bin/../lib/gcc/arm-none-eabi/7.3.1/../../../../arm-none-eabi/lib/thumb/v7e-m/fpv4-sp/hard/libc.a(lib_a-lock.o)
                0x00000000080005ec                __retarget_lock_acquire_recursive
 .text.__retarget_lock_release_recursive
                0x00000000080005f0        0x4 /Applications/Ac6/SystemWorkbench.app/Contents/Eclipse/plugins/fr.ac6.mcu.externaltools.arm-none.macos64_1.17.0.201812190825/tools/compiler/bin/../lib/gcc/arm-none-eabi/7.3.1/../../../../arm-none-eabi/lib/thumb/v7e-m/fpv4-sp/hard/libc.a(lib_a-lock.o)
                0x00000000080005f0                __retarget_lock_release_recursive
 .text.__register_exitproc
                0x00000000080005f4       0xc0 /Applications/Ac6/SystemWorkbench.app/Contents/Eclipse/plugins/fr.ac6.mcu.externaltools.arm-none.macos64_1.17.0.201812190825/tools/compiler/bin/../lib/gcc/arm-none-eabi/7.3.1/../../../../arm-none-eabi/lib/thumb/v7e-m/fpv4-sp/hard/libc.a(lib_a-__atexit.o)
                0x00000000080005f4                __register_exitproc
 *(.glue_7)
 .glue_7        0x00000000080006b4        0x0 linker stubs
 *(.glue_7t)
 .glue_7t       0x00000000080006b4        0x0 linker stubs
 *(.eh_frame)
 .eh_frame      0x00000000080006b4        0x0 /Applications/Ac6/SystemWorkbench.app/Contents/Eclipse/plugins/fr.ac6.mcu.externaltools.arm-none.macos64_1.17.0.201812190825/tools/compiler/bin/../lib/gcc/arm-none-eabi/7.3.1/thumb/v7e-m/fpv4-sp/hard/crtbegin.o
 *(.init)
 .init          0x00000000080006b4        0x4 /Applications/Ac6/SystemWorkbench.app/Contents/Eclipse/plugins/fr.ac6.mcu.externaltools.arm-none.macos64_1.17.0.201812190825/tools/compiler/bin/../lib/gcc/arm-none-eabi/7.3.1/thumb/v7e-m/fpv4-sp/hard/crti.o
                0x00000000080006b4                _init
 .init          0x00000000080006b8        0x8 /Applications/Ac6/SystemWorkbench.app/Contents/Eclipse/plugins/fr.ac6.mcu.externaltools.arm-none.macos64_1.17.0.201812190825/tools/compiler/bin/../lib/gcc/arm-none-eabi/7.3.1/thumb/v7e-m/fpv4-sp/hard/crtn.o
 *(.fini)
 .fini          0x00000000080006c0        0x4 /Applications/Ac6/SystemWorkbench.app/Contents/Eclipse/plugins/fr.ac6.mcu.externaltools.arm-none.macos64_1.17.0.201812190825/tools/compiler/bin/../lib/gcc/arm-none-eabi/7.3.1/thumb/v7e-m/fpv4-sp/hard/crti.o
                0x00000000080006c0                _fini
 .fini          0x00000000080006c4        0x8 /Applications/Ac6/SystemWorkbench.app/Contents/Eclipse/plugins/fr.ac6.mcu.externaltools.arm-none.macos64_1.17.0.201812190825/tools/compiler/bin/../lib/gcc/arm-none-eabi/7.3.1/thumb/v7e-m/fpv4-sp/hard/crtn.o
                0x00000000080006cc                . = ALIGN (0x4)
                0x00000000080006cc                _etext = .

.vfp11_veneer   0x00000000080006cc        0x0
 .vfp11_veneer  0x00000000080006cc        0x0 linker stubs

.v4_bx          0x00000000080006cc        0x0
 .v4_bx         0x00000000080006cc        0x0 linker stubs

.iplt           0x00000000080006cc        0x0
 .iplt          0x00000000080006cc        0x0 /Applications/Ac6/SystemWorkbench.app/Contents/Eclipse/plugins/fr.ac6.mcu.externaltools.arm-none.macos64_1.17.0.201812190825/tools/compiler/bin/../lib/gcc/arm-none-eabi/7.3.1/thumb/v7e-m/fpv4-sp/hard/crtbegin.o

.rodata         0x00000000080006cc        0x4
                0x00000000080006cc                . = ALIGN (0x4)
 *(.rodata)
 *(.rodata*)
 .rodata._global_impure_ptr
                0x00000000080006cc        0x4 /Applications/Ac6/SystemWorkbench.app/Contents/Eclipse/plugins/fr.ac6.mcu.externaltools.arm-none.macos64_1.17.0.201812190825/tools/compiler/bin/../lib/gcc/arm-none-eabi/7.3.1/../../../../arm-none-eabi/lib/thumb/v7e-m/fpv4-sp/hard/libc.a(lib_a-impure.o)
                0x00000000080006cc                _global_impure_ptr
                0x00000000080006d0                . = ALIGN (0x4)

.rel.dyn        0x00000000080006d0        0x0
 .rel.iplt      0x00000000080006d0        0x0 /Applications/Ac6/SystemWorkbench.app/Contents/Eclipse/plugins/fr.ac6.mcu.externaltools.arm-none.macos64_1.17.0.201812190825/tools/compiler/bin/../lib/gcc/arm-none-eabi/7.3.1/thumb/v7e-m/fpv4-sp/hard/crtbegin.o

.ARM.extab
 *(.ARM.extab* .gnu.linkonce.armextab.*)

.ARM            0x00000000080006d0        0x0
                0x00000000080006d0                __exidx_start = .
 *(.ARM.exidx*)
                0x00000000080006d0                __exidx_end = .

.preinit_array  0x00000000080006d0        0x0
                0x00000000080006d0                PROVIDE (__preinit_array_start = .)
 *(.preinit_array*)
                0x00000000080006d0                PROVIDE (__preinit_array_end = .)

.init_array     0x00000000080006d0        0x8
                0x00000000080006d0                PROVIDE (__init_array_start = .)
 *(SORT_BY_NAME(.init_array.*))
 .init_array.00000
                0x00000000080006d0        0x4 /Applications/Ac6/SystemWorkbench.app/Contents/Eclipse/plugins/fr.ac6.mcu.externaltools.arm-none.macos64_1.17.0.201812190825/tools/compiler/bin/../lib/gcc/arm-none-eabi/7.3.1/../../../../arm-none-eabi/lib/thumb/v7e-m/fpv4-sp/hard/libc.a(lib_a-__call_atexit.o)
 *(.init_array*)
 .init_array    0x00000000080006d4        0x4 /Applications/Ac6/SystemWorkbench.app/Contents/Eclipse/plugins/fr.ac6.mcu.externaltools.arm-none.macos64_1.17.0.201812190825/tools/compiler/bin/../lib/gcc/arm-none-eabi/7.3.1/thumb/v7e-m/fpv4-sp/hard/crtbegin.o
                0x00000000080006d8                PROVIDE (__init_array_end = .)

.fini_array     0x00000000080006d8        0x4
                0x00000000080006d8                PROVIDE (__fini_array_start = .)
 *(SORT_BY_NAME(.fini_array.*))
 *(.fini_array*)
 .fini_array    0x00000000080006d8        0x4 /Applications/Ac6/SystemWorkbench.app/Contents/Eclipse/plugins/fr.ac6.mcu.externaltools.arm-none.macos64_1.17.0.201812190825/tools/compiler/bin/../lib/gcc/arm-none-eabi/7.3.1/thumb/v7e-m/fpv4-sp/hard/crtbegin.o
                0x00000000080006dc                PROVIDE (__fini_array_end = .)
                0x00000000080006dc                _sidata = LOADADDR (.data)

.data           0x0000000020000000      0x434 load address 0x00000000080006dc
                0x0000000020000000                . = ALIGN (0x4)
                0x0000000020000000                _sdata = .
 *(.data)
 .data          0x0000000020000000        0x5 src/stm32f3xx_it.o
                0x0000000020000000                t
                0x0000000020000004                byte
 *(.data*)
 *fill*         0x0000000020000005        0x3 
 .data.impure_data
                0x0000000020000008      0x428 /Applications/Ac6/SystemWorkbench.app/Contents/Eclipse/plugins/fr.ac6.mcu.externaltools.arm-none.macos64_1.17.0.201812190825/tools/compiler/bin/../lib/gcc/arm-none-eabi/7.3.1/../../../../arm-none-eabi/lib/thumb/v7e-m/fpv4-sp/hard/libc.a(lib_a-impure.o)
 .data.__atexit_recursive_mutex
                0x0000000020000430        0x4 /Applications/Ac6/SystemWorkbench.app/Contents/Eclipse/plugins/fr.ac6.mcu.externaltools.arm-none.macos64_1.17.0.201812190825/tools/compiler/bin/../lib/gcc/arm-none-eabi/7.3.1/../../../../arm-none-eabi/lib/thumb/v7e-m/fpv4-sp/hard/libc.a(lib_a-__call_atexit.o)
                0x0000000020000430                __atexit_recursive_mutex
                0x0000000020000434                . = ALIGN (0x4)
                0x0000000020000434                _edata = .
                0x0000000008000b10                _siccmram = LOADADDR (.ccmram)

.igot.plt       0x0000000020000434        0x0 load address 0x0000000008000b10
 .igot.plt      0x0000000020000434        0x0 /Applications/Ac6/SystemWorkbench.app/Contents/Eclipse/plugins/fr.ac6.mcu.externaltools.arm-none.macos64_1.17.0.201812190825/tools/compiler/bin/../lib/gcc/arm-none-eabi/7.3.1/thumb/v7e-m/fpv4-sp/hard/crtbegin.o

.ccmram         0x0000000010000000        0x0 load address 0x0000000008000b10
                0x0000000010000000                . = ALIGN (0x4)
                0x0000000010000000                _sccmram = .
 *(.ccmram)
 *(.ccmram*)
                0x0000000010000000                . = ALIGN (0x4)
                0x0000000010000000                _eccmram = .
                0x0000000010000000                . = ALIGN (0x4)

.bss            0x0000000020000434       0x40
                0x0000000020000434                _sbss = .
                0x0000000020000434                __bss_start__ = _sbss
 *(.bss)
 .bss           0x0000000020000434       0x1c /Applications/Ac6/SystemWorkbench.app/Contents/Eclipse/plugins/fr.ac6.mcu.externaltools.arm-none.macos64_1.17.0.201812190825/tools/compiler/bin/../lib/gcc/arm-none-eabi/7.3.1/thumb/v7e-m/fpv4-sp/hard/crtbegin.o
 *(.bss*)
 *(COMMON)
 COMMON         0x0000000020000450       0x21 /Applications/Ac6/SystemWorkbench.app/Contents/Eclipse/plugins/fr.ac6.mcu.externaltools.arm-none.macos64_1.17.0.201812190825/tools/compiler/bin/../lib/gcc/arm-none-eabi/7.3.1/../../../../arm-none-eabi/lib/thumb/v7e-m/fpv4-sp/hard/libc.a(lib_a-lock.o)
                0x0000000020000450                __lock___atexit_recursive_mutex
                0x0000000020000454                __lock___arc4random_mutex
                0x0000000020000458                __lock___env_recursive_mutex
                0x000000002000045c                __lock___sinit_recursive_mutex
                0x0000000020000460                __lock___malloc_recursive_mutex
                0x0000000020000464                __lock___at_quick_exit_mutex
                0x0000000020000468                __lock___dd_hash_mutex
                0x000000002000046c                __lock___tz_mutex
                0x0000000020000470                __lock___sfp_recursive_mutex
                0x0000000020000474                . = ALIGN (0x4)
 *fill*         0x0000000020000471        0x3 
                0x0000000020000474                _ebss = .
                0x0000000020000474                __bss_end__ = _ebss

._user_heap_stack
                0x0000000020000474      0x604
                0x0000000020000478                . = ALIGN (0x8)
 *fill*         0x0000000020000474        0x4 
                [!provide]                        PROVIDE (end = .)
                [!provide]                        PROVIDE (_end = .)
                0x0000000020000678                . = (. + _Min_Heap_Size)
 *fill*         0x0000000020000478      0x200 
                0x0000000020000a78                . = (. + _Min_Stack_Size)
 *fill*         0x0000000020000678      0x400 
                0x0000000020000a78                . = ALIGN (0x8)

/DISCARD/
 libc.a(*)
 libm.a(*)
 libgcc.a(*)

.ARM.attributes
                0x0000000000000000       0x30
 *(.ARM.attributes)
 .ARM.attributes
                0x0000000000000000       0x22 /Applications/Ac6/SystemWorkbench.app/Contents/Eclipse/plugins/fr.ac6.mcu.externaltools.arm-none.macos64_1.17.0.201812190825/tools/compiler/bin/../lib/gcc/arm-none-eabi/7.3.1/thumb/v7e-m/fpv4-sp/hard/crti.o
 .ARM.attributes
                0x0000000000000022       0x34 /Applications/Ac6/SystemWorkbench.app/Contents/Eclipse/plugins/fr.ac6.mcu.externaltools.arm-none.macos64_1.17.0.201812190825/tools/compiler/bin/../lib/gcc/arm-none-eabi/7.3.1/thumb/v7e-m/fpv4-sp/hard/crtbegin.o
 .ARM.attributes
                0x0000000000000056       0x39 src/gpio.o
 .ARM.attributes
                0x000000000000008f       0x39 src/main.o
 .ARM.attributes
                0x00000000000000c8       0x39 src/rcc.o
 .ARM.attributes
                0x0000000000000101       0x39 src/stm32f3xx_it.o
 .ARM.attributes
                0x000000000000013a       0x39 src/system_stm32f3xx.o
 .ARM.attributes
                0x0000000000000173       0x21 startup/startup_stm32f303xe.o
 .ARM.attributes
                0x0000000000000194       0x34 /Applications/Ac6/SystemWorkbench.app/Contents/Eclipse/plugins/fr.ac6.mcu.externaltools.arm-none.macos64_1.17.0.201812190825/tools/compiler/bin/../lib/gcc/arm-none-eabi/7.3.1/../../../../arm-none-eabi/lib/thumb/v7e-m/fpv4-sp/hard/libc.a(lib_a-impure.o)
 .ARM.attributes
                0x00000000000001c8       0x34 /Applications/Ac6/SystemWorkbench.app/Contents/Eclipse/plugins/fr.ac6.mcu.externaltools.arm-none.macos64_1.17.0.201812190825/tools/compiler/bin/../lib/gcc/arm-none-eabi/7.3.1/../../../../arm-none-eabi/lib/thumb/v7e-m/fpv4-sp/hard/libc.a(lib_a-init.o)
 .ARM.attributes
                0x00000000000001fc       0x34 /Applications/Ac6/SystemWorkbench.app/Contents/Eclipse/plugins/fr.ac6.mcu.externaltools.arm-none.macos64_1.17.0.201812190825/tools/compiler/bin/../lib/gcc/arm-none-eabi/7.3.1/../../../../arm-none-eabi/lib/thumb/v7e-m/fpv4-sp/hard/libc.a(lib_a-__call_atexit.o)
 .ARM.attributes
                0x0000000000000230       0x34 /Applications/Ac6/SystemWorkbench.app/Contents/Eclipse/plugins/fr.ac6.mcu.externaltools.arm-none.macos64_1.17.0.201812190825/tools/compiler/bin/../lib/gcc/arm-none-eabi/7.3.1/../../../../arm-none-eabi/lib/thumb/v7e-m/fpv4-sp/hard/libc.a(lib_a-atexit.o)
 .ARM.attributes
                0x0000000000000264       0x34 /Applications/Ac6/SystemWorkbench.app/Contents/Eclipse/plugins/fr.ac6.mcu.externaltools.arm-none.macos64_1.17.0.201812190825/tools/compiler/bin/../lib/gcc/arm-none-eabi/7.3.1/../../../../arm-none-eabi/lib/thumb/v7e-m/fpv4-sp/hard/libc.a(lib_a-fini.o)
 .ARM.attributes
                0x0000000000000298       0x34 /Applications/Ac6/SystemWorkbench.app/Contents/Eclipse/plugins/fr.ac6.mcu.externaltools.arm-none.macos64_1.17.0.201812190825/tools/compiler/bin/../lib/gcc/arm-none-eabi/7.3.1/../../../../arm-none-eabi/lib/thumb/v7e-m/fpv4-sp/hard/libc.a(lib_a-lock.o)
 .ARM.attributes
                0x00000000000002cc       0x34 /Applications/Ac6/SystemWorkbench.app/Contents/Eclipse/plugins/fr.ac6.mcu.externaltools.arm-none.macos64_1.17.0.201812190825/tools/compiler/bin/../lib/gcc/arm-none-eabi/7.3.1/../../../../arm-none-eabi/lib/thumb/v7e-m/fpv4-sp/hard/libc.a(lib_a-__atexit.o)
 .ARM.attributes
                0x0000000000000300       0x22 /Applications/Ac6/SystemWorkbench.app/Contents/Eclipse/plugins/fr.ac6.mcu.externaltools.arm-none.macos64_1.17.0.201812190825/tools/compiler/bin/../lib/gcc/arm-none-eabi/7.3.1/thumb/v7e-m/fpv4-sp/hard/crtn.o
OUTPUT(IPL_Weiche.elf elf32-littlearm)

.debug_info     0x0000000000000000     0x116a
 .debug_info    0x0000000000000000      0x2a5 src/gpio.o
 .debug_info    0x00000000000002a5      0x6a4 src/main.o
 .debug_info    0x0000000000000949      0x1e7 src/rcc.o
 .debug_info    0x0000000000000b30      0x218 src/stm32f3xx_it.o
 .debug_info    0x0000000000000d48      0x400 src/system_stm32f3xx.o
 .debug_info    0x0000000000001148       0x22 startup/startup_stm32f303xe.o

.debug_abbrev   0x0000000000000000      0x50d
 .debug_abbrev  0x0000000000000000       0xcc src/gpio.o
 .debug_abbrev  0x00000000000000cc      0x164 src/main.o
 .debug_abbrev  0x0000000000000230       0xcc src/rcc.o
 .debug_abbrev  0x00000000000002fc       0xee src/stm32f3xx_it.o
 .debug_abbrev  0x00000000000003ea      0x111 src/system_stm32f3xx.o
 .debug_abbrev  0x00000000000004fb       0x12 startup/startup_stm32f303xe.o

.debug_aranges  0x0000000000000000       0xe8
 .debug_aranges
                0x0000000000000000       0x28 src/gpio.o
 .debug_aranges
                0x0000000000000028       0x30 src/main.o
 .debug_aranges
                0x0000000000000058       0x20 src/rcc.o
 .debug_aranges
                0x0000000000000078       0x20 src/stm32f3xx_it.o
 .debug_aranges
                0x0000000000000098       0x28 src/system_stm32f3xx.o
 .debug_aranges
                0x00000000000000c0       0x28 startup/startup_stm32f303xe.o

.debug_ranges   0x0000000000000000       0x90
 .debug_ranges  0x0000000000000000       0x18 src/gpio.o
 .debug_ranges  0x0000000000000018       0x20 src/main.o
 .debug_ranges  0x0000000000000038       0x10 src/rcc.o
 .debug_ranges  0x0000000000000048       0x10 src/stm32f3xx_it.o
 .debug_ranges  0x0000000000000058       0x18 src/system_stm32f3xx.o
 .debug_ranges  0x0000000000000070       0x20 startup/startup_stm32f303xe.o

.debug_macro    0x0000000000000000    0x175d0
 .debug_macro   0x0000000000000000       0xde src/gpio.o
 .debug_macro   0x00000000000000de      0xa72 src/gpio.o
 .debug_macro   0x0000000000000b50       0x2b src/gpio.o
 .debug_macro   0x0000000000000b7b       0x28 src/gpio.o
 .debug_macro   0x0000000000000ba3       0x22 src/gpio.o
 .debug_macro   0x0000000000000bc5       0x8e src/gpio.o
 .debug_macro   0x0000000000000c53       0x51 src/gpio.o
 .debug_macro   0x0000000000000ca4       0xef src/gpio.o
 .debug_macro   0x0000000000000d93       0x6a src/gpio.o
 .debug_macro   0x0000000000000dfd      0x1df src/gpio.o
 .debug_macro   0x0000000000000fdc       0x35 src/gpio.o
 .debug_macro   0x0000000000001011       0x50 src/gpio.o
 .debug_macro   0x0000000000001061      0xe66 src/gpio.o
 .debug_macro   0x0000000000001ec7    0x1534c src/gpio.o
 .debug_macro   0x0000000000017213       0x43 src/gpio.o
 .debug_macro   0x0000000000017256       0xec src/main.o
 .debug_macro   0x0000000000017342       0xde src/rcc.o
 .debug_macro   0x0000000000017420       0xd4 src/stm32f3xx_it.o
 .debug_macro   0x00000000000174f4       0xdc src/system_stm32f3xx.o

.debug_line     0x0000000000000000     0x19f6
 .debug_line    0x0000000000000000      0x52a src/gpio.o
 .debug_line    0x000000000000052a      0x548 src/main.o
 .debug_line    0x0000000000000a72      0x50f src/rcc.o
 .debug_line    0x0000000000000f81      0x51a src/stm32f3xx_it.o
 .debug_line    0x000000000000149b      0x4dc src/system_stm32f3xx.o
 .debug_line    0x0000000000001977       0x7f startup/startup_stm32f303xe.o

.debug_str      0x0000000000000000    0x802bd
 .debug_str     0x0000000000000000    0x7fd00 src/gpio.o
                                      0x7fe74 (size before relaxing)
 .debug_str     0x000000000007fd00      0x490 src/main.o
                                      0x80393 (size before relaxing)
 .debug_str     0x0000000000080190       0x17 src/rcc.o
                                      0x7fe31 (size before relaxing)
 .debug_str     0x00000000000801a7       0x3d src/stm32f3xx_it.o
                                      0x7fe23 (size before relaxing)
 .debug_str     0x00000000000801e4       0xaa src/system_stm32f3xx.o
                                      0x7ff0f (size before relaxing)
 .debug_str     0x000000000008028e       0x2f startup/startup_stm32f303xe.o
                                         0x8e (size before relaxing)

.comment        0x0000000000000000       0x7f
 .comment       0x0000000000000000       0x7f src/gpio.o
                                         0x80 (size before relaxing)
 .comment       0x000000000000007f       0x80 src/main.o
 .comment       0x000000000000007f       0x80 src/rcc.o
 .comment       0x000000000000007f       0x80 src/stm32f3xx_it.o
 .comment       0x000000000000007f       0x80 src/system_stm32f3xx.o

.debug_frame    0x0000000000000000      0x340
 .debug_frame   0x0000000000000000       0x50 src/gpio.o
 .debug_frame   0x0000000000000050       0x78 src/main.o
 .debug_frame   0x00000000000000c8       0x30 src/rcc.o
 .debug_frame   0x00000000000000f8       0x30 src/stm32f3xx_it.o
 .debug_frame   0x0000000000000128       0x58 src/system_stm32f3xx.o
 .debug_frame   0x0000000000000180       0x2c /Applications/Ac6/SystemWorkbench.app/Contents/Eclipse/plugins/fr.ac6.mcu.externaltools.arm-none.macos64_1.17.0.201812190825/tools/compiler/bin/../lib/gcc/arm-none-eabi/7.3.1/../../../../arm-none-eabi/lib/thumb/v7e-m/fpv4-sp/hard/libc.a(lib_a-init.o)
 .debug_frame   0x00000000000001ac       0x5c /Applications/Ac6/SystemWorkbench.app/Contents/Eclipse/plugins/fr.ac6.mcu.externaltools.arm-none.macos64_1.17.0.201812190825/tools/compiler/bin/../lib/gcc/arm-none-eabi/7.3.1/../../../../arm-none-eabi/lib/thumb/v7e-m/fpv4-sp/hard/libc.a(lib_a-__call_atexit.o)
 .debug_frame   0x0000000000000208       0x20 /Applications/Ac6/SystemWorkbench.app/Contents/Eclipse/plugins/fr.ac6.mcu.externaltools.arm-none.macos64_1.17.0.201812190825/tools/compiler/bin/../lib/gcc/arm-none-eabi/7.3.1/../../../../arm-none-eabi/lib/thumb/v7e-m/fpv4-sp/hard/libc.a(lib_a-atexit.o)
 .debug_frame   0x0000000000000228       0x34 /Applications/Ac6/SystemWorkbench.app/Contents/Eclipse/plugins/fr.ac6.mcu.externaltools.arm-none.macos64_1.17.0.201812190825/tools/compiler/bin/../lib/gcc/arm-none-eabi/7.3.1/../../../../arm-none-eabi/lib/thumb/v7e-m/fpv4-sp/hard/libc.a(lib_a-fini.o)
 .debug_frame   0x000000000000025c       0xb0 /Applications/Ac6/SystemWorkbench.app/Contents/Eclipse/plugins/fr.ac6.mcu.externaltools.arm-none.macos64_1.17.0.201812190825/tools/compiler/bin/../lib/gcc/arm-none-eabi/7.3.1/../../../../arm-none-eabi/lib/thumb/v7e-m/fpv4-sp/hard/libc.a(lib_a-lock.o)
 .debug_frame   0x000000000000030c       0x34 /Applications/Ac6/SystemWorkbench.app/Contents/Eclipse/plugins/fr.ac6.mcu.externaltools.arm-none.macos64_1.17.0.201812190825/tools/compiler/bin/../lib/gcc/arm-none-eabi/7.3.1/../../../../arm-none-eabi/lib/thumb/v7e-m/fpv4-sp/hard/libc.a(lib_a-__atexit.o)
